18:47:30 **** Incremental Build of configuration Debug for project an4449_autopid ****
Info: Internal Builder is used for build
arm-atollic-eabi-gcc -c ..\hal\src\stm32f3xx_hal_gpio.c -mthumb -mcpu=cortex-m4 -mfloat-abi=hard -mfpu=fpv4-sp-d16 -std=gnu11 -DSTM32F334x8 -DUSE_HAL_DRIVER -DUSE_STM32F3348_DISCO -ID:\LIRMM\SOFT\AN4449_autopid\an4449_autopid\cmsis\inc -ID:\LIRMM\SOFT\AN4449_autopid\an4449_autopid\hal\inc -ID:\LIRMM\SOFT\AN4449_autopid\an4449_autopid\INC -O0 -ffunction-sections -fdata-sections -g -fstack-usage -Wall -o hal\src\stm32f3xx_hal_gpio.o 
arm-atollic-eabi-gcc -c ..\hal\src\stm32f3xx_hal_adc.c -mthumb -mcpu=cortex-m4 -mfloat-abi=hard -mfpu=fpv4-sp-d16 -std=gnu11 -DSTM32F334x8 -DUSE_HAL_DRIVER -DUSE_STM32F3348_DISCO -ID:\LIRMM\SOFT\AN4449_autopid\an4449_autopid\cmsis\inc -ID:\LIRMM\SOFT\AN4449_autopid\an4449_autopid\hal\inc -ID:\LIRMM\SOFT\AN4449_autopid\an4449_autopid\INC -O0 -ffunction-sections -fdata-sections -g -fstack-usage -Wall -o hal\src\stm32f3xx_hal_adc.o 
arm-atollic-eabi-gcc -c ..\hal\src\stm32f3xx_hal_pwr.c -mthumb -mcpu=cortex-m4 -mfloat-abi=hard -mfpu=fpv4-sp-d16 -std=gnu11 -DSTM32F334x8 -DUSE_HAL_DRIVER -DUSE_STM32F3348_DISCO -ID:\LIRMM\SOFT\AN4449_autopid\an4449_autopid\cmsis\inc -ID:\LIRMM\SOFT\AN4449_autopid\an4449_autopid\hal\inc -ID:\LIRMM\SOFT\AN4449_autopid\an4449_autopid\INC -O0 -ffunction-sections -fdata-sections -g -fstack-usage -Wall -o hal\src\stm32f3xx_hal_pwr.o 
arm-atollic-eabi-gcc -c ..\hal\src\stm32f3xx_hal_pwr_ex.c -mthumb -mcpu=cortex-m4 -mfloat-abi=hard -mfpu=fpv4-sp-d16 -std=gnu11 -DSTM32F334x8 -DUSE_HAL_DRIVER -DUSE_STM32F3348_DISCO -ID:\LIRMM\SOFT\AN4449_autopid\an4449_autopid\cmsis\inc -ID:\LIRMM\SOFT\AN4449_autopid\an4449_autopid\hal\inc -ID:\LIRMM\SOFT\AN4449_autopid\an4449_autopid\INC -O0 -ffunction-sections -fdata-sections -g -fstack-usage -Wall -o hal\src\stm32f3xx_hal_pwr_ex.o 
arm-atollic-eabi-gcc -c ..\hal\src\stm32f3xx_hal.c -mthumb -mcpu=cortex-m4 -mfloat-abi=hard -mfpu=fpv4-sp-d16 -std=gnu11 -DSTM32F334x8 -DUSE_HAL_DRIVER -DUSE_STM32F3348_DISCO -ID:\LIRMM\SOFT\AN4449_autopid\an4449_autopid\cmsis\inc -ID:\LIRMM\SOFT\AN4449_autopid\an4449_autopid\hal\inc -ID:\LIRMM\SOFT\AN4449_autopid\an4449_autopid\INC -O0 -ffunction-sections -fdata-sections -g -fstack-usage -Wall -o hal\src\stm32f3xx_hal.o 
arm-atollic-eabi-gcc -c ..\hal\src\stm32f3xx_hal_flash.c -mthumb -mcpu=cortex-m4 -mfloat-abi=hard -mfpu=fpv4-sp-d16 -std=gnu11 -DSTM32F334x8 -DUSE_HAL_DRIVER -DUSE_STM32F3348_DISCO -ID:\LIRMM\SOFT\AN4449_autopid\an4449_autopid\cmsis\inc -ID:\LIRMM\SOFT\AN4449_autopid\an4449_autopid\hal\inc -ID:\LIRMM\SOFT\AN4449_autopid\an4449_autopid\INC -O0 -ffunction-sections -fdata-sections -g -fstack-usage -Wall -o hal\src\stm32f3xx_hal_flash.o 
arm-atollic-eabi-gcc -c ..\hal\src\stm32f3xx_hal_rcc_ex.c -mthumb -mcpu=cortex-m4 -mfloat-abi=hard -mfpu=fpv4-sp-d16 -std=gnu11 -DSTM32F334x8 -DUSE_HAL_DRIVER -DUSE_STM32F3348_DISCO -ID:\LIRMM\SOFT\AN4449_autopid\an4449_autopid\cmsis\inc -ID:\LIRMM\SOFT\AN4449_autopid\an4449_autopid\hal\inc -ID:\LIRMM\SOFT\AN4449_autopid\an4449_autopid\INC -O0 -ffunction-sections -fdata-sections -g -fstack-usage -Wall -o hal\src\stm32f3xx_hal_rcc_ex.o 
arm-atollic-eabi-gcc -c ..\hal\src\stm32f3348_discovery.c -mthumb -mcpu=cortex-m4 -mfloat-abi=hard -mfpu=fpv4-sp-d16 -std=gnu11 -DSTM32F334x8 -DUSE_HAL_DRIVER -DUSE_STM32F3348_DISCO -ID:\LIRMM\SOFT\AN4449_autopid\an4449_autopid\cmsis\inc -ID:\LIRMM\SOFT\AN4449_autopid\an4449_autopid\hal\inc -ID:\LIRMM\SOFT\AN4449_autopid\an4449_autopid\INC -O0 -ffunction-sections -fdata-sections -g -fstack-usage -Wall -o hal\src\stm32f3348_discovery.o 
arm-atollic-eabi-gcc -c ..\hal\src\stm32f3xx_hal_spi.c -mthumb -mcpu=cortex-m4 -mfloat-abi=hard -mfpu=fpv4-sp-d16 -std=gnu11 -DSTM32F334x8 -DUSE_HAL_DRIVER -DUSE_STM32F3348_DISCO -ID:\LIRMM\SOFT\AN4449_autopid\an4449_autopid\cmsis\inc -ID:\LIRMM\SOFT\AN4449_autopid\an4449_autopid\hal\inc -ID:\LIRMM\SOFT\AN4449_autopid\an4449_autopid\INC -O0 -ffunction-sections -fdata-sections -g -fstack-usage -Wall -o hal\src\stm32f3xx_hal_spi.o 
arm-atollic-eabi-gcc -c ..\SRC\stm32f3xx_it.c -mthumb -mcpu=cortex-m4 -mfloat-abi=hard -mfpu=fpv4-sp-d16 -std=gnu11 -DSTM32F334x8 -DUSE_HAL_DRIVER -DUSE_STM32F3348_DISCO -ID:\LIRMM\SOFT\AN4449_autopid\an4449_autopid\cmsis\inc -ID:\LIRMM\SOFT\AN4449_autopid\an4449_autopid\hal\inc -ID:\LIRMM\SOFT\AN4449_autopid\an4449_autopid\INC -O0 -ffunction-sections -fdata-sections -g -fstack-usage -Wall -o SRC\stm32f3xx_it.o 
arm-atollic-eabi-gcc -c ..\hal\src\stm32f3xx_hal_adc_ex.c -mthumb -mcpu=cortex-m4 -mfloat-abi=hard -mfpu=fpv4-sp-d16 -std=gnu11 -DSTM32F334x8 -DUSE_HAL_DRIVER -DUSE_STM32F3348_DISCO -ID:\LIRMM\SOFT\AN4449_autopid\an4449_autopid\cmsis\inc -ID:\LIRMM\SOFT\AN4449_autopid\an4449_autopid\hal\inc -ID:\LIRMM\SOFT\AN4449_autopid\an4449_autopid\INC -O0 -ffunction-sections -fdata-sections -g -fstack-usage -Wall -o hal\src\stm32f3xx_hal_adc_ex.o 
arm-atollic-eabi-gcc -c ..\hal\src\stm32f3xx_hal_cortex.c -mthumb -mcpu=cortex-m4 -mfloat-abi=hard -mfpu=fpv4-sp-d16 -std=gnu11 -DSTM32F334x8 -DUSE_HAL_DRIVER -DUSE_STM32F3348_DISCO -ID:\LIRMM\SOFT\AN4449_autopid\an4449_autopid\cmsis\inc -ID:\LIRMM\SOFT\AN4449_autopid\an4449_autopid\hal\inc -ID:\LIRMM\SOFT\AN4449_autopid\an4449_autopid\INC -O0 -ffunction-sections -fdata-sections -g -fstack-usage -Wall -o hal\src\stm32f3xx_hal_cortex.o 
arm-atollic-eabi-gcc -c ..\SRC\stm32f3xx_hal_msp.c -mthumb -mcpu=cortex-m4 -mfloat-abi=hard -mfpu=fpv4-sp-d16 -std=gnu11 -DSTM32F334x8 -DUSE_HAL_DRIVER -DUSE_STM32F3348_DISCO -ID:\LIRMM\SOFT\AN4449_autopid\an4449_autopid\cmsis\inc -ID:\LIRMM\SOFT\AN4449_autopid\an4449_autopid\hal\inc -ID:\LIRMM\SOFT\AN4449_autopid\an4449_autopid\INC -O0 -ffunction-sections -fdata-sections -g -fstack-usage -Wall -o SRC\stm32f3xx_hal_msp.o 
arm-atollic-eabi-gcc -c ..\hal\src\stm32f3xx_hal_dma.c -mthumb -mcpu=cortex-m4 -mfloat-abi=hard -mfpu=fpv4-sp-d16 -std=gnu11 -DSTM32F334x8 -DUSE_HAL_DRIVER -DUSE_STM32F3348_DISCO -ID:\LIRMM\SOFT\AN4449_autopid\an4449_autopid\cmsis\inc -ID:\LIRMM\SOFT\AN4449_autopid\an4449_autopid\hal\inc -ID:\LIRMM\SOFT\AN4449_autopid\an4449_autopid\INC -O0 -ffunction-sections -fdata-sections -g -fstack-usage -Wall -o hal\src\stm32f3xx_hal_dma.o 
arm-atollic-eabi-gcc -c ..\SRC\main.c -mthumb -mcpu=cortex-m4 -mfloat-abi=hard -mfpu=fpv4-sp-d16 -std=gnu11 -DSTM32F334x8 -DUSE_HAL_DRIVER -DUSE_STM32F3348_DISCO -ID:\LIRMM\SOFT\AN4449_autopid\an4449_autopid\cmsis\inc -ID:\LIRMM\SOFT\AN4449_autopid\an4449_autopid\hal\inc -ID:\LIRMM\SOFT\AN4449_autopid\an4449_autopid\INC -O0 -ffunction-sections -fdata-sections -g -fstack-usage -Wall -o SRC\main.o 
arm-atollic-eabi-gcc -c -mthumb -mcpu=cortex-m4 -mfloat-abi=hard -mfpu=fpv4-sp-d16 -DSTM32F334x8 -I../Drivers/CMSIS/Include -I../Drivers/CMSIS/Device/ST/STM32F3xx/Include -I../Drivers/STM32F3xx_HAL_Driver/Inc -I../src -g -Wa,--warn -x assembler-with-cpp -o SRC\startup_stm32f334x8.o ..\SRC\startup_stm32f334x8.s 
arm-atollic-eabi-gcc -c ..\cmsis\src\system_stm32f3xx.c -mthumb -mcpu=cortex-m4 -mfloat-abi=hard -mfpu=fpv4-sp-d16 -std=gnu11 -DSTM32F334x8 -DUSE_HAL_DRIVER -DUSE_STM32F3348_DISCO -ID:\LIRMM\SOFT\AN4449_autopid\an4449_autopid\cmsis\inc -ID:\LIRMM\SOFT\AN4449_autopid\an4449_autopid\hal\inc -ID:\LIRMM\SOFT\AN4449_autopid\an4449_autopid\INC -O0 -ffunction-sections -fdata-sections -g -fstack-usage -Wall -o cmsis\src\system_stm32f3xx.o 
arm-atollic-eabi-gcc -c ..\hal\src\stm32f3xx_hal_hrtim.c -mthumb -mcpu=cortex-m4 -mfloat-abi=hard -mfpu=fpv4-sp-d16 -std=gnu11 -DSTM32F334x8 -DUSE_HAL_DRIVER -DUSE_STM32F3348_DISCO -ID:\LIRMM\SOFT\AN4449_autopid\an4449_autopid\cmsis\inc -ID:\LIRMM\SOFT\AN4449_autopid\an4449_autopid\hal\inc -ID:\LIRMM\SOFT\AN4449_autopid\an4449_autopid\INC -O0 -ffunction-sections -fdata-sections -g -fstack-usage -Wall -o hal\src\stm32f3xx_hal_hrtim.o 
arm-atollic-eabi-gcc -c ..\hal\src\stm32f3xx_hal_rcc.c -mthumb -mcpu=cortex-m4 -mfloat-abi=hard -mfpu=fpv4-sp-d16 -std=gnu11 -DSTM32F334x8 -DUSE_HAL_DRIVER -DUSE_STM32F3348_DISCO -ID:\LIRMM\SOFT\AN4449_autopid\an4449_autopid\cmsis\inc -ID:\LIRMM\SOFT\AN4449_autopid\an4449_autopid\hal\inc -ID:\LIRMM\SOFT\AN4449_autopid\an4449_autopid\INC -O0 -ffunction-sections -fdata-sections -g -fstack-usage -Wall -o hal\src\stm32f3xx_hal_rcc.o 
arm-atollic-eabi-gcc -o an4449_autopid.elf SRC\main.o SRC\startup_stm32f334x8.o SRC\stm32f3xx_hal_msp.o SRC\stm32f3xx_it.o cmsis\src\system_stm32f3xx.o hal\src\stm32f3348_discovery.o hal\src\stm32f3xx_hal.o hal\src\stm32f3xx_hal_adc.o hal\src\stm32f3xx_hal_adc_ex.o hal\src\stm32f3xx_hal_cortex.o hal\src\stm32f3xx_hal_dma.o hal\src\stm32f3xx_hal_flash.o hal\src\stm32f3xx_hal_gpio.o hal\src\stm32f3xx_hal_hrtim.o hal\src\stm32f3xx_hal_pwr.o hal\src\stm32f3xx_hal_pwr_ex.o hal\src\stm32f3xx_hal_rcc.o hal\src\stm32f3xx_hal_rcc_ex.o hal\src\stm32f3xx_hal_spi.o -mthumb -mcpu=cortex-m4 -mfloat-abi=hard -mfpu=fpv4-sp-d16 -T../stm32f30_flash.ld -specs=nosys.specs -static -Wl,-cref,-u,Reset_Handler -Wl,-Map=an4449_autopid.map -Wl,--gc-sections -Wl,--defsym=malloc_getpagesize_P=0x80 -Wl,--start-group -lc -lm -Wl,--end-group 
C:\Program Files (x86)\Atollic\TrueSTUDIO for STM32 9.3.0\ide\jre\bin\java -jar C:\Program Files (x86)\Atollic\TrueSTUDIO for STM32 9.3.0\Tools\arm-atollic-reports.jar sizeinfo list an4449_autopid.elf 
Generate build reports...
Print size information
   text	   data	    bss	    dec	    hex	filename
  23908	    376	    584	  24868	   6124	an4449_autopid.elf
Print size information done
Generate listing file
Output sent to: an4449_autopid.list
Generate listing file done
Generate build reports done
Info: Nothing to build for an4449_autopid
