17:26:18 **** Incremental Build of configuration Debug for project an4449_autopid ****
Info: Internal Builder is used for build
arm-atollic-eabi-gcc -c ..\SRC\main.c -mthumb -mcpu=cortex-m4 -mfloat-abi=hard -mfpu=fpv4-sp-d16 -std=gnu11 -DSTM32F334x8 -DUSE_HAL_DRIVER -DUSE_STM32F3348_DISCO -ID:\LIRMM\SOFT\AN4449_autopid\an4449_autopid\cmsis\inc -ID:\LIRMM\SOFT\AN4449_autopid\an4449_autopid\hal\inc -ID:\LIRMM\SOFT\AN4449_autopid\an4449_autopid\INC -O0 -ffunction-sections -fdata-sections -g -fstack-usage -Wall -o SRC\main.o 
..\SRC\main.c: In function 'HRTIM_Config':
..\SRC\main.c:247:26: warning: unused variable 'output_config' [-Wunused-variable]
   HRTIM_OutputCfgTypeDef output_config;
                          ^~~~~~~~~~~~~
..\SRC\main.c: In function 'PI_Buck':
..\SRC\main.c:827:23: warning: implicit declaration of function 'fabsf' [-Wimplicit-function-declaration]
   Kpmk=Kp_auto*(1+k1*(fabsf(betak)));
                       ^~~~~
..\SRC\main.c:827:23: warning: incompatible implicit declaration of built-in function 'fabsf'
..\SRC\main.c:827:23: note: include '<math.h>' or provide a declaration of 'fabsf'
..\SRC\main.c:763:11: warning: unused variable 'error' [-Wunused-variable]
   int32_t error;
           ^~~~~
..\SRC\main.c:762:11: warning: unused variable 'seterr' [-Wunused-variable]
   int32_t seterr, pid_out;
           ^~~~~~
..\SRC\main.c:758:12: warning: unused variable 'lVoutT' [-Wunused-variable]
   uint32_t lVoutT = VoutT;
            ^~~~~~
arm-atollic-eabi-gcc -o an4449_autopid.elf SRC\main.o SRC\startup_stm32f334x8.o SRC\stm32f3xx_hal_msp.o SRC\stm32f3xx_it.o cmsis\src\system_stm32f3xx.o hal\src\stm32f3348_discovery.o hal\src\stm32f3xx_hal.o hal\src\stm32f3xx_hal_adc.o hal\src\stm32f3xx_hal_adc_ex.o hal\src\stm32f3xx_hal_cortex.o hal\src\stm32f3xx_hal_dma.o hal\src\stm32f3xx_hal_flash.o hal\src\stm32f3xx_hal_gpio.o hal\src\stm32f3xx_hal_hrtim.o hal\src\stm32f3xx_hal_pwr.o hal\src\stm32f3xx_hal_pwr_ex.o hal\src\stm32f3xx_hal_rcc.o hal\src\stm32f3xx_hal_rcc_ex.o hal\src\stm32f3xx_hal_spi.o -mthumb -mcpu=cortex-m4 -mfloat-abi=hard -mfpu=fpv4-sp-d16 -T../stm32f30_flash.ld -specs=nosys.specs -static -Wl,-cref,-u,Reset_Handler -Wl,-Map=an4449_autopid.map -Wl,--gc-sections -Wl,--defsym=malloc_getpagesize_P=0x80 -Wl,--start-group -lc -lm -Wl,--end-group 
C:\Program Files (x86)\Atollic\TrueSTUDIO for STM32 9.3.0\ide\jre\bin\java -jar C:\Program Files (x86)\Atollic\TrueSTUDIO for STM32 9.3.0\Tools\arm-atollic-reports.jar sizeinfo list an4449_autopid.elf 
Generate build reports...
Print size information
   text	   data	    bss	    dec	    hex	filename
  22288	     80	    620	  22988	   59cc	an4449_autopid.elf
Print size information done
Generate listing file
Output sent to: an4449_autopid.list
Generate listing file done
Generate build reports done
Info: Nothing to build for an4449_autopid
17:27:40 **** Incremental Build of configuration Debug for project an4449_autopid ****
Info: Internal Builder is used for build
arm-atollic-eabi-gcc -c ..\SRC\main.c -mthumb -mcpu=cortex-m4 -mfloat-abi=hard -mfpu=fpv4-sp-d16 -std=gnu11 -DSTM32F334x8 -DUSE_HAL_DRIVER -DUSE_STM32F3348_DISCO -ID:\LIRMM\SOFT\AN4449_autopid\an4449_autopid\cmsis\inc -ID:\LIRMM\SOFT\AN4449_autopid\an4449_autopid\hal\inc -ID:\LIRMM\SOFT\AN4449_autopid\an4449_autopid\INC -O0 -ffunction-sections -fdata-sections -g -fstack-usage -Wall -o SRC\main.o 
..\SRC\main.c: In function 'HRTIM_Config':
..\SRC\main.c:247:26: warning: unused variable 'output_config' [-Wunused-variable]
   HRTIM_OutputCfgTypeDef output_config;
                          ^~~~~~~~~~~~~
..\SRC\main.c: In function 'PI_Buck':
..\SRC\main.c:827:23: warning: implicit declaration of function 'fabsf' [-Wimplicit-function-declaration]
   Kpmk=Kp_auto*(1+k1*(fabsf(betak)));
                       ^~~~~
..\SRC\main.c:827:23: warning: incompatible implicit declaration of built-in function 'fabsf'
..\SRC\main.c:827:23: note: include '<math.h>' or provide a declaration of 'fabsf'
..\SRC\main.c:763:11: warning: unused variable 'error' [-Wunused-variable]
   int32_t error;
           ^~~~~
..\SRC\main.c:762:11: warning: unused variable 'seterr' [-Wunused-variable]
   int32_t seterr, pid_out;
           ^~~~~~
..\SRC\main.c:758:12: warning: unused variable 'lVoutT' [-Wunused-variable]
   uint32_t lVoutT = VoutT;
            ^~~~~~
arm-atollic-eabi-gcc -o an4449_autopid.elf SRC\main.o SRC\startup_stm32f334x8.o SRC\stm32f3xx_hal_msp.o SRC\stm32f3xx_it.o cmsis\src\system_stm32f3xx.o hal\src\stm32f3348_discovery.o hal\src\stm32f3xx_hal.o hal\src\stm32f3xx_hal_adc.o hal\src\stm32f3xx_hal_adc_ex.o hal\src\stm32f3xx_hal_cortex.o hal\src\stm32f3xx_hal_dma.o hal\src\stm32f3xx_hal_flash.o hal\src\stm32f3xx_hal_gpio.o hal\src\stm32f3xx_hal_hrtim.o hal\src\stm32f3xx_hal_pwr.o hal\src\stm32f3xx_hal_pwr_ex.o hal\src\stm32f3xx_hal_rcc.o hal\src\stm32f3xx_hal_rcc_ex.o hal\src\stm32f3xx_hal_spi.o -mthumb -mcpu=cortex-m4 -mfloat-abi=hard -mfpu=fpv4-sp-d16 -T../stm32f30_flash.ld -specs=nosys.specs -static -Wl,-cref,-u,Reset_Handler -Wl,-Map=an4449_autopid.map -Wl,--gc-sections -Wl,--defsym=malloc_getpagesize_P=0x80 -Wl,--start-group -lc -lm -Wl,--end-group 
C:\Program Files (x86)\Atollic\TrueSTUDIO for STM32 9.3.0\ide\jre\bin\java -jar C:\Program Files (x86)\Atollic\TrueSTUDIO for STM32 9.3.0\Tools\arm-atollic-reports.jar sizeinfo list an4449_autopid.elf 
Generate build reports...
Print size information
   text	   data	    bss	    dec	    hex	filename
  22276	     80	    620	  22976	   59c0	an4449_autopid.elf
Print size information done
Generate listing file
Output sent to: an4449_autopid.list
Generate listing file done
Generate build reports done
17:28:58 **** Incremental Build of configuration Debug for project an4449_autopid ****
Info: Internal Builder is used for build
arm-atollic-eabi-gcc -c ..\SRC\main.c -mthumb -mcpu=cortex-m4 -mfloat-abi=hard -mfpu=fpv4-sp-d16 -std=gnu11 -DSTM32F334x8 -DUSE_HAL_DRIVER -DUSE_STM32F3348_DISCO -ID:\LIRMM\SOFT\AN4449_autopid\an4449_autopid\cmsis\inc -ID:\LIRMM\SOFT\AN4449_autopid\an4449_autopid\hal\inc -ID:\LIRMM\SOFT\AN4449_autopid\an4449_autopid\INC -O0 -ffunction-sections -fdata-sections -g -fstack-usage -Wall -o SRC\main.o 
..\SRC\main.c: In function 'HRTIM_Config':
..\SRC\main.c:247:26: warning: unused variable 'output_config' [-Wunused-variable]
   HRTIM_OutputCfgTypeDef output_config;
                          ^~~~~~~~~~~~~
..\SRC\main.c: In function 'PI_Buck':
..\SRC\main.c:827:23: warning: implicit declaration of function 'fabsf' [-Wimplicit-function-declaration]
   Kpmk=Kp_auto*(1+k1*(fabsf(betak)));
                       ^~~~~
..\SRC\main.c:827:23: warning: incompatible implicit declaration of built-in function 'fabsf'
..\SRC\main.c:827:23: note: include '<math.h>' or provide a declaration of 'fabsf'
..\SRC\main.c:763:11: warning: unused variable 'error' [-Wunused-variable]
   int32_t error;
           ^~~~~
..\SRC\main.c:762:11: warning: unused variable 'seterr' [-Wunused-variable]
   int32_t seterr, pid_out;
           ^~~~~~
..\SRC\main.c:758:12: warning: unused variable 'lVoutT' [-Wunused-variable]
   uint32_t lVoutT = VoutT;
            ^~~~~~
arm-atollic-eabi-gcc -o an4449_autopid.elf SRC\main.o SRC\startup_stm32f334x8.o SRC\stm32f3xx_hal_msp.o SRC\stm32f3xx_it.o cmsis\src\system_stm32f3xx.o hal\src\stm32f3348_discovery.o hal\src\stm32f3xx_hal.o hal\src\stm32f3xx_hal_adc.o hal\src\stm32f3xx_hal_adc_ex.o hal\src\stm32f3xx_hal_cortex.o hal\src\stm32f3xx_hal_dma.o hal\src\stm32f3xx_hal_flash.o hal\src\stm32f3xx_hal_gpio.o hal\src\stm32f3xx_hal_hrtim.o hal\src\stm32f3xx_hal_pwr.o hal\src\stm32f3xx_hal_pwr_ex.o hal\src\stm32f3xx_hal_rcc.o hal\src\stm32f3xx_hal_rcc_ex.o hal\src\stm32f3xx_hal_spi.o -mthumb -mcpu=cortex-m4 -mfloat-abi=hard -mfpu=fpv4-sp-d16 -T../stm32f30_flash.ld -specs=nosys.specs -static -Wl,-cref,-u,Reset_Handler -Wl,-Map=an4449_autopid.map -Wl,--gc-sections -Wl,--defsym=malloc_getpagesize_P=0x80 -Wl,--start-group -lc -lm -Wl,--end-group 
C:\Program Files (x86)\Atollic\TrueSTUDIO for STM32 9.3.0\ide\jre\bin\java -jar C:\Program Files (x86)\Atollic\TrueSTUDIO for STM32 9.3.0\Tools\arm-atollic-reports.jar sizeinfo list an4449_autopid.elf 
Generate build reports...
Print size information
   text	   data	    bss	    dec	    hex	filename
  22276	     84	    616	  22976	   59c0	an4449_autopid.elf
Print size information done
Generate listing file
Output sent to: an4449_autopid.list
Generate listing file done
Generate build reports done
17:32:23 **** Incremental Build of configuration Debug for project an4449_autopid ****
Info: Internal Builder is used for build
arm-atollic-eabi-gcc -c ..\SRC\main.c -mthumb -mcpu=cortex-m4 -mfloat-abi=hard -mfpu=fpv4-sp-d16 -std=gnu11 -DSTM32F334x8 -DUSE_HAL_DRIVER -DUSE_STM32F3348_DISCO -ID:\LIRMM\SOFT\AN4449_autopid\an4449_autopid\cmsis\inc -ID:\LIRMM\SOFT\AN4449_autopid\an4449_autopid\hal\inc -ID:\LIRMM\SOFT\AN4449_autopid\an4449_autopid\INC -O0 -ffunction-sections -fdata-sections -g -fstack-usage -Wall -o SRC\main.o 
..\SRC\main.c: In function 'HRTIM_Config':
..\SRC\main.c:247:26: warning: unused variable 'output_config' [-Wunused-variable]
   HRTIM_OutputCfgTypeDef output_config;
                          ^~~~~~~~~~~~~
..\SRC\main.c: In function 'PI_Buck':
..\SRC\main.c:827:23: warning: implicit declaration of function 'fabsf' [-Wimplicit-function-declaration]
   Kpmk=Kp_auto*(1+k1*(fabsf(betak)));
                       ^~~~~
..\SRC\main.c:827:23: warning: incompatible implicit declaration of built-in function 'fabsf'
..\SRC\main.c:827:23: note: include '<math.h>' or provide a declaration of 'fabsf'
..\SRC\main.c:763:11: warning: unused variable 'error' [-Wunused-variable]
   int32_t error;
           ^~~~~
..\SRC\main.c:762:11: warning: unused variable 'seterr' [-Wunused-variable]
   int32_t seterr, pid_out;
           ^~~~~~
..\SRC\main.c:758:12: warning: unused variable 'lVoutT' [-Wunused-variable]
   uint32_t lVoutT = VoutT;
            ^~~~~~
arm-atollic-eabi-gcc -o an4449_autopid.elf SRC\main.o SRC\startup_stm32f334x8.o SRC\stm32f3xx_hal_msp.o SRC\stm32f3xx_it.o cmsis\src\system_stm32f3xx.o hal\src\stm32f3348_discovery.o hal\src\stm32f3xx_hal.o hal\src\stm32f3xx_hal_adc.o hal\src\stm32f3xx_hal_adc_ex.o hal\src\stm32f3xx_hal_cortex.o hal\src\stm32f3xx_hal_dma.o hal\src\stm32f3xx_hal_flash.o hal\src\stm32f3xx_hal_gpio.o hal\src\stm32f3xx_hal_hrtim.o hal\src\stm32f3xx_hal_pwr.o hal\src\stm32f3xx_hal_pwr_ex.o hal\src\stm32f3xx_hal_rcc.o hal\src\stm32f3xx_hal_rcc_ex.o hal\src\stm32f3xx_hal_spi.o -mthumb -mcpu=cortex-m4 -mfloat-abi=hard -mfpu=fpv4-sp-d16 -T../stm32f30_flash.ld -specs=nosys.specs -static -Wl,-cref,-u,Reset_Handler -Wl,-Map=an4449_autopid.map -Wl,--gc-sections -Wl,--defsym=malloc_getpagesize_P=0x80 -Wl,--start-group -lc -lm -Wl,--end-group 
C:\Program Files (x86)\Atollic\TrueSTUDIO for STM32 9.3.0\ide\jre\bin\java -jar C:\Program Files (x86)\Atollic\TrueSTUDIO for STM32 9.3.0\Tools\arm-atollic-reports.jar sizeinfo list an4449_autopid.elf 
Generate build reports...
Print size information
   text	   data	    bss	    dec	    hex	filename
  22276	     80	    620	  22976	   59c0	an4449_autopid.elf
Print size information done
Generate listing file
Output sent to: an4449_autopid.list
Generate listing file done
Generate build reports done
17:32:46 **** Incremental Build of configuration Debug for project an4449_autopid ****
Info: Internal Builder is used for build
arm-atollic-eabi-gcc -c ..\SRC\main.c -mthumb -mcpu=cortex-m4 -mfloat-abi=hard -mfpu=fpv4-sp-d16 -std=gnu11 -DSTM32F334x8 -DUSE_HAL_DRIVER -DUSE_STM32F3348_DISCO -ID:\LIRMM\SOFT\AN4449_autopid\an4449_autopid\cmsis\inc -ID:\LIRMM\SOFT\AN4449_autopid\an4449_autopid\hal\inc -ID:\LIRMM\SOFT\AN4449_autopid\an4449_autopid\INC -O0 -ffunction-sections -fdata-sections -g -fstack-usage -Wall -o SRC\main.o 
..\SRC\main.c: In function 'HRTIM_Config':
..\SRC\main.c:247:26: warning: unused variable 'output_config' [-Wunused-variable]
   HRTIM_OutputCfgTypeDef output_config;
                          ^~~~~~~~~~~~~
..\SRC\main.c: In function 'PI_Buck':
..\SRC\main.c:827:23: warning: implicit declaration of function 'fabsf' [-Wimplicit-function-declaration]
   Kpmk=Kp_auto*(1+k1*(fabsf(betak)));
                       ^~~~~
..\SRC\main.c:827:23: warning: incompatible implicit declaration of built-in function 'fabsf'
..\SRC\main.c:827:23: note: include '<math.h>' or provide a declaration of 'fabsf'
..\SRC\main.c:763:11: warning: unused variable 'error' [-Wunused-variable]
   int32_t error;
           ^~~~~
..\SRC\main.c:762:11: warning: unused variable 'seterr' [-Wunused-variable]
   int32_t seterr, pid_out;
           ^~~~~~
..\SRC\main.c:758:12: warning: unused variable 'lVoutT' [-Wunused-variable]
   uint32_t lVoutT = VoutT;
            ^~~~~~
arm-atollic-eabi-gcc -o an4449_autopid.elf SRC\main.o SRC\startup_stm32f334x8.o SRC\stm32f3xx_hal_msp.o SRC\stm32f3xx_it.o cmsis\src\system_stm32f3xx.o hal\src\stm32f3348_discovery.o hal\src\stm32f3xx_hal.o hal\src\stm32f3xx_hal_adc.o hal\src\stm32f3xx_hal_adc_ex.o hal\src\stm32f3xx_hal_cortex.o hal\src\stm32f3xx_hal_dma.o hal\src\stm32f3xx_hal_flash.o hal\src\stm32f3xx_hal_gpio.o hal\src\stm32f3xx_hal_hrtim.o hal\src\stm32f3xx_hal_pwr.o hal\src\stm32f3xx_hal_pwr_ex.o hal\src\stm32f3xx_hal_rcc.o hal\src\stm32f3xx_hal_rcc_ex.o hal\src\stm32f3xx_hal_spi.o -mthumb -mcpu=cortex-m4 -mfloat-abi=hard -mfpu=fpv4-sp-d16 -T../stm32f30_flash.ld -specs=nosys.specs -static -Wl,-cref,-u,Reset_Handler -Wl,-Map=an4449_autopid.map -Wl,--gc-sections -Wl,--defsym=malloc_getpagesize_P=0x80 -Wl,--start-group -lc -lm -Wl,--end-group 
C:\Program Files (x86)\Atollic\TrueSTUDIO for STM32 9.3.0\ide\jre\bin\java -jar C:\Program Files (x86)\Atollic\TrueSTUDIO for STM32 9.3.0\Tools\arm-atollic-reports.jar sizeinfo list an4449_autopid.elf 
Generate build reports...
Print size information
   text	   data	    bss	    dec	    hex	filename
  22276	     80	    620	  22976	   59c0	an4449_autopid.elf
Print size information done
Generate listing file
Output sent to: an4449_autopid.list
Generate listing file done
Generate build reports done
17:33:07 **** Incremental Build of configuration Debug for project an4449_autopid ****
Info: Internal Builder is used for build
arm-atollic-eabi-gcc -c ..\SRC\main.c -mthumb -mcpu=cortex-m4 -mfloat-abi=hard -mfpu=fpv4-sp-d16 -std=gnu11 -DSTM32F334x8 -DUSE_HAL_DRIVER -DUSE_STM32F3348_DISCO -ID:\LIRMM\SOFT\AN4449_autopid\an4449_autopid\cmsis\inc -ID:\LIRMM\SOFT\AN4449_autopid\an4449_autopid\hal\inc -ID:\LIRMM\SOFT\AN4449_autopid\an4449_autopid\INC -O0 -ffunction-sections -fdata-sections -g -fstack-usage -Wall -o SRC\main.o 
..\SRC\main.c: In function 'HRTIM_Config':
..\SRC\main.c:247:26: warning: unused variable 'output_config' [-Wunused-variable]
   HRTIM_OutputCfgTypeDef output_config;
                          ^~~~~~~~~~~~~
..\SRC\main.c: In function 'PI_Buck':
..\SRC\main.c:827:23: warning: implicit declaration of function 'fabsf' [-Wimplicit-function-declaration]
   Kpmk=Kp_auto*(1+k1*(fabsf(betak)));
                       ^~~~~
..\SRC\main.c:827:23: warning: incompatible implicit declaration of built-in function 'fabsf'
..\SRC\main.c:827:23: note: include '<math.h>' or provide a declaration of 'fabsf'
..\SRC\main.c:763:11: warning: unused variable 'error' [-Wunused-variable]
   int32_t error;
           ^~~~~
..\SRC\main.c:762:11: warning: unused variable 'seterr' [-Wunused-variable]
   int32_t seterr, pid_out;
           ^~~~~~
..\SRC\main.c:758:12: warning: unused variable 'lVoutT' [-Wunused-variable]
   uint32_t lVoutT = VoutT;
            ^~~~~~
arm-atollic-eabi-gcc -o an4449_autopid.elf SRC\main.o SRC\startup_stm32f334x8.o SRC\stm32f3xx_hal_msp.o SRC\stm32f3xx_it.o cmsis\src\system_stm32f3xx.o hal\src\stm32f3348_discovery.o hal\src\stm32f3xx_hal.o hal\src\stm32f3xx_hal_adc.o hal\src\stm32f3xx_hal_adc_ex.o hal\src\stm32f3xx_hal_cortex.o hal\src\stm32f3xx_hal_dma.o hal\src\stm32f3xx_hal_flash.o hal\src\stm32f3xx_hal_gpio.o hal\src\stm32f3xx_hal_hrtim.o hal\src\stm32f3xx_hal_pwr.o hal\src\stm32f3xx_hal_pwr_ex.o hal\src\stm32f3xx_hal_rcc.o hal\src\stm32f3xx_hal_rcc_ex.o hal\src\stm32f3xx_hal_spi.o -mthumb -mcpu=cortex-m4 -mfloat-abi=hard -mfpu=fpv4-sp-d16 -T../stm32f30_flash.ld -specs=nosys.specs -static -Wl,-cref,-u,Reset_Handler -Wl,-Map=an4449_autopid.map -Wl,--gc-sections -Wl,--defsym=malloc_getpagesize_P=0x80 -Wl,--start-group -lc -lm -Wl,--end-group 
C:\Program Files (x86)\Atollic\TrueSTUDIO for STM32 9.3.0\ide\jre\bin\java -jar C:\Program Files (x86)\Atollic\TrueSTUDIO for STM32 9.3.0\Tools\arm-atollic-reports.jar sizeinfo list an4449_autopid.elf 
Generate build reports...
Print size information
   text	   data	    bss	    dec	    hex	filename
  22276	     80	    620	  22976	   59c0	an4449_autopid.elf
Print size information done
Generate listing file
Output sent to: an4449_autopid.list
Generate listing file done
Generate build reports done
17:33:39 **** Incremental Build of configuration Debug for project an4449_autopid ****
Info: Internal Builder is used for build
arm-atollic-eabi-gcc -c ..\SRC\main.c -mthumb -mcpu=cortex-m4 -mfloat-abi=hard -mfpu=fpv4-sp-d16 -std=gnu11 -DSTM32F334x8 -DUSE_HAL_DRIVER -DUSE_STM32F3348_DISCO -ID:\LIRMM\SOFT\AN4449_autopid\an4449_autopid\cmsis\inc -ID:\LIRMM\SOFT\AN4449_autopid\an4449_autopid\hal\inc -ID:\LIRMM\SOFT\AN4449_autopid\an4449_autopid\INC -O0 -ffunction-sections -fdata-sections -g -fstack-usage -Wall -o SRC\main.o 
..\SRC\main.c: In function 'HRTIM_Config':
..\SRC\main.c:247:26: warning: unused variable 'output_config' [-Wunused-variable]
   HRTIM_OutputCfgTypeDef output_config;
                          ^~~~~~~~~~~~~
..\SRC\main.c: In function 'PI_Buck':
..\SRC\main.c:827:23: warning: implicit declaration of function 'fabsf' [-Wimplicit-function-declaration]
   Kpmk=Kp_auto*(1+k1*(fabsf(betak)));
                       ^~~~~
..\SRC\main.c:827:23: warning: incompatible implicit declaration of built-in function 'fabsf'
..\SRC\main.c:827:23: note: include '<math.h>' or provide a declaration of 'fabsf'
..\SRC\main.c:763:11: warning: unused variable 'error' [-Wunused-variable]
   int32_t error;
           ^~~~~
..\SRC\main.c:762:11: warning: unused variable 'seterr' [-Wunused-variable]
   int32_t seterr, pid_out;
           ^~~~~~
..\SRC\main.c:758:12: warning: unused variable 'lVoutT' [-Wunused-variable]
   uint32_t lVoutT = VoutT;
            ^~~~~~
arm-atollic-eabi-gcc -o an4449_autopid.elf SRC\main.o SRC\startup_stm32f334x8.o SRC\stm32f3xx_hal_msp.o SRC\stm32f3xx_it.o cmsis\src\system_stm32f3xx.o hal\src\stm32f3348_discovery.o hal\src\stm32f3xx_hal.o hal\src\stm32f3xx_hal_adc.o hal\src\stm32f3xx_hal_adc_ex.o hal\src\stm32f3xx_hal_cortex.o hal\src\stm32f3xx_hal_dma.o hal\src\stm32f3xx_hal_flash.o hal\src\stm32f3xx_hal_gpio.o hal\src\stm32f3xx_hal_hrtim.o hal\src\stm32f3xx_hal_pwr.o hal\src\stm32f3xx_hal_pwr_ex.o hal\src\stm32f3xx_hal_rcc.o hal\src\stm32f3xx_hal_rcc_ex.o hal\src\stm32f3xx_hal_spi.o -mthumb -mcpu=cortex-m4 -mfloat-abi=hard -mfpu=fpv4-sp-d16 -T../stm32f30_flash.ld -specs=nosys.specs -static -Wl,-cref,-u,Reset_Handler -Wl,-Map=an4449_autopid.map -Wl,--gc-sections -Wl,--defsym=malloc_getpagesize_P=0x80 -Wl,--start-group -lc -lm -Wl,--end-group 
C:\Program Files (x86)\Atollic\TrueSTUDIO for STM32 9.3.0\ide\jre\bin\java -jar C:\Program Files (x86)\Atollic\TrueSTUDIO for STM32 9.3.0\Tools\arm-atollic-reports.jar sizeinfo list an4449_autopid.elf 
Generate build reports...
Print size information
   text	   data	    bss	    dec	    hex	filename
  22276	     84	    616	  22976	   59c0	an4449_autopid.elf
Print size information done
Generate listing file
Output sent to: an4449_autopid.list
Generate listing file done
Generate build reports done
17:33:59 **** Incremental Build of configuration Debug for project an4449_autopid ****
Info: Internal Builder is used for build
arm-atollic-eabi-gcc -c ..\SRC\main.c -mthumb -mcpu=cortex-m4 -mfloat-abi=hard -mfpu=fpv4-sp-d16 -std=gnu11 -DSTM32F334x8 -DUSE_HAL_DRIVER -DUSE_STM32F3348_DISCO -ID:\LIRMM\SOFT\AN4449_autopid\an4449_autopid\cmsis\inc -ID:\LIRMM\SOFT\AN4449_autopid\an4449_autopid\hal\inc -ID:\LIRMM\SOFT\AN4449_autopid\an4449_autopid\INC -O0 -ffunction-sections -fdata-sections -g -fstack-usage -Wall -o SRC\main.o 
..\SRC\main.c: In function 'HRTIM_Config':
..\SRC\main.c:247:26: warning: unused variable 'output_config' [-Wunused-variable]
   HRTIM_OutputCfgTypeDef output_config;
                          ^~~~~~~~~~~~~
..\SRC\main.c: In function 'PI_Buck':
..\SRC\main.c:827:23: warning: implicit declaration of function 'fabsf' [-Wimplicit-function-declaration]
   Kpmk=Kp_auto*(1+k1*(fabsf(betak)));
                       ^~~~~
..\SRC\main.c:827:23: warning: incompatible implicit declaration of built-in function 'fabsf'
..\SRC\main.c:827:23: note: include '<math.h>' or provide a declaration of 'fabsf'
..\SRC\main.c:763:11: warning: unused variable 'error' [-Wunused-variable]
   int32_t error;
           ^~~~~
..\SRC\main.c:762:11: warning: unused variable 'seterr' [-Wunused-variable]
   int32_t seterr, pid_out;
           ^~~~~~
..\SRC\main.c:758:12: warning: unused variable 'lVoutT' [-Wunused-variable]
   uint32_t lVoutT = VoutT;
            ^~~~~~
arm-atollic-eabi-gcc -o an4449_autopid.elf SRC\main.o SRC\startup_stm32f334x8.o SRC\stm32f3xx_hal_msp.o SRC\stm32f3xx_it.o cmsis\src\system_stm32f3xx.o hal\src\stm32f3348_discovery.o hal\src\stm32f3xx_hal.o hal\src\stm32f3xx_hal_adc.o hal\src\stm32f3xx_hal_adc_ex.o hal\src\stm32f3xx_hal_cortex.o hal\src\stm32f3xx_hal_dma.o hal\src\stm32f3xx_hal_flash.o hal\src\stm32f3xx_hal_gpio.o hal\src\stm32f3xx_hal_hrtim.o hal\src\stm32f3xx_hal_pwr.o hal\src\stm32f3xx_hal_pwr_ex.o hal\src\stm32f3xx_hal_rcc.o hal\src\stm32f3xx_hal_rcc_ex.o hal\src\stm32f3xx_hal_spi.o -mthumb -mcpu=cortex-m4 -mfloat-abi=hard -mfpu=fpv4-sp-d16 -T../stm32f30_flash.ld -specs=nosys.specs -static -Wl,-cref,-u,Reset_Handler -Wl,-Map=an4449_autopid.map -Wl,--gc-sections -Wl,--defsym=malloc_getpagesize_P=0x80 -Wl,--start-group -lc -lm -Wl,--end-group 
C:\Program Files (x86)\Atollic\TrueSTUDIO for STM32 9.3.0\ide\jre\bin\java -jar C:\Program Files (x86)\Atollic\TrueSTUDIO for STM32 9.3.0\Tools\arm-atollic-reports.jar sizeinfo list an4449_autopid.elf 
Generate build reports...
Print size information
   text	   data	    bss	    dec	    hex	filename
  22276	     84	    616	  22976	   59c0	an4449_autopid.elf
Print size information done
Generate listing file
Output sent to: an4449_autopid.list
Generate listing file done
Generate build reports done
17:35:29 **** Incremental Build of configuration Debug for project an4449_autopid ****
Info: Internal Builder is used for build
arm-atollic-eabi-gcc -c ..\SRC\main.c -mthumb -mcpu=cortex-m4 -mfloat-abi=hard -mfpu=fpv4-sp-d16 -std=gnu11 -DSTM32F334x8 -DUSE_HAL_DRIVER -DUSE_STM32F3348_DISCO -ID:\LIRMM\SOFT\AN4449_autopid\an4449_autopid\cmsis\inc -ID:\LIRMM\SOFT\AN4449_autopid\an4449_autopid\hal\inc -ID:\LIRMM\SOFT\AN4449_autopid\an4449_autopid\INC -O0 -ffunction-sections -fdata-sections -g -fstack-usage -Wall -o SRC\main.o 
..\SRC\main.c: In function 'HRTIM_Config':
..\SRC\main.c:247:26: warning: unused variable 'output_config' [-Wunused-variable]
   HRTIM_OutputCfgTypeDef output_config;
                          ^~~~~~~~~~~~~
..\SRC\main.c: In function 'PI_Buck':
..\SRC\main.c:827:23: warning: implicit declaration of function 'fabsf' [-Wimplicit-function-declaration]
   Kpmk=Kp_auto*(1+k1*(fabsf(betak)));
                       ^~~~~
..\SRC\main.c:827:23: warning: incompatible implicit declaration of built-in function 'fabsf'
..\SRC\main.c:827:23: note: include '<math.h>' or provide a declaration of 'fabsf'
..\SRC\main.c:763:11: warning: unused variable 'error' [-Wunused-variable]
   int32_t error;
           ^~~~~
..\SRC\main.c:762:11: warning: unused variable 'seterr' [-Wunused-variable]
   int32_t seterr, pid_out;
           ^~~~~~
..\SRC\main.c:758:12: warning: unused variable 'lVoutT' [-Wunused-variable]
   uint32_t lVoutT = VoutT;
            ^~~~~~
arm-atollic-eabi-gcc -o an4449_autopid.elf SRC\main.o SRC\startup_stm32f334x8.o SRC\stm32f3xx_hal_msp.o SRC\stm32f3xx_it.o cmsis\src\system_stm32f3xx.o hal\src\stm32f3348_discovery.o hal\src\stm32f3xx_hal.o hal\src\stm32f3xx_hal_adc.o hal\src\stm32f3xx_hal_adc_ex.o hal\src\stm32f3xx_hal_cortex.o hal\src\stm32f3xx_hal_dma.o hal\src\stm32f3xx_hal_flash.o hal\src\stm32f3xx_hal_gpio.o hal\src\stm32f3xx_hal_hrtim.o hal\src\stm32f3xx_hal_pwr.o hal\src\stm32f3xx_hal_pwr_ex.o hal\src\stm32f3xx_hal_rcc.o hal\src\stm32f3xx_hal_rcc_ex.o hal\src\stm32f3xx_hal_spi.o -mthumb -mcpu=cortex-m4 -mfloat-abi=hard -mfpu=fpv4-sp-d16 -T../stm32f30_flash.ld -specs=nosys.specs -static -Wl,-cref,-u,Reset_Handler -Wl,-Map=an4449_autopid.map -Wl,--gc-sections -Wl,--defsym=malloc_getpagesize_P=0x80 -Wl,--start-group -lc -lm -Wl,--end-group 
C:\Program Files (x86)\Atollic\TrueSTUDIO for STM32 9.3.0\ide\jre\bin\java -jar C:\Program Files (x86)\Atollic\TrueSTUDIO for STM32 9.3.0\Tools\arm-atollic-reports.jar sizeinfo list an4449_autopid.elf 
Generate build reports...
Print size information
   text	   data	    bss	    dec	    hex	filename
  22276	     76	    624	  22976	   59c0	an4449_autopid.elf
Print size information done
Generate listing file
Output sent to: an4449_autopid.list
Generate listing file done
Generate build reports done
17:37:23 **** Incremental Build of configuration Debug for project an4449_autopid ****
Info: Internal Builder is used for build
arm-atollic-eabi-gcc -c ..\SRC\stm32f3xx_hal_msp.c -mthumb -mcpu=cortex-m4 -mfloat-abi=hard -mfpu=fpv4-sp-d16 -std=gnu11 -DSTM32F334x8 -DUSE_HAL_DRIVER -DUSE_STM32F3348_DISCO -ID:\LIRMM\SOFT\AN4449_autopid\an4449_autopid\cmsis\inc -ID:\LIRMM\SOFT\AN4449_autopid\an4449_autopid\hal\inc -ID:\LIRMM\SOFT\AN4449_autopid\an4449_autopid\INC -O0 -ffunction-sections -fdata-sections -g -fstack-usage -Wall -o SRC\stm32f3xx_hal_msp.o 
arm-atollic-eabi-gcc -c ..\SRC\main.c -mthumb -mcpu=cortex-m4 -mfloat-abi=hard -mfpu=fpv4-sp-d16 -std=gnu11 -DSTM32F334x8 -DUSE_HAL_DRIVER -DUSE_STM32F3348_DISCO -ID:\LIRMM\SOFT\AN4449_autopid\an4449_autopid\cmsis\inc -ID:\LIRMM\SOFT\AN4449_autopid\an4449_autopid\hal\inc -ID:\LIRMM\SOFT\AN4449_autopid\an4449_autopid\INC -O0 -ffunction-sections -fdata-sections -g -fstack-usage -Wall -o SRC\main.o 
..\SRC\main.c: In function 'HRTIM_Config':
..\SRC\main.c:247:26: warning: unused variable 'output_config' [-Wunused-variable]
   HRTIM_OutputCfgTypeDef output_config;
                          ^~~~~~~~~~~~~
..\SRC\main.c: In function 'PI_Buck':
..\SRC\main.c:827:23: warning: implicit declaration of function 'fabsf' [-Wimplicit-function-declaration]
   Kpmk=Kp_auto*(1+k1*(fabsf(betak)));
                       ^~~~~
..\SRC\main.c:827:23: warning: incompatible implicit declaration of built-in function 'fabsf'
..\SRC\main.c:827:23: note: include '<math.h>' or provide a declaration of 'fabsf'
..\SRC\main.c:763:11: warning: unused variable 'error' [-Wunused-variable]
   int32_t error;
           ^~~~~
..\SRC\main.c:762:11: warning: unused variable 'seterr' [-Wunused-variable]
   int32_t seterr, pid_out;
           ^~~~~~
..\SRC\main.c:758:12: warning: unused variable 'lVoutT' [-Wunused-variable]
   uint32_t lVoutT = VoutT;
            ^~~~~~
arm-atollic-eabi-gcc -c ..\SRC\stm32f3xx_it.c -mthumb -mcpu=cortex-m4 -mfloat-abi=hard -mfpu=fpv4-sp-d16 -std=gnu11 -DSTM32F334x8 -DUSE_HAL_DRIVER -DUSE_STM32F3348_DISCO -ID:\LIRMM\SOFT\AN4449_autopid\an4449_autopid\cmsis\inc -ID:\LIRMM\SOFT\AN4449_autopid\an4449_autopid\hal\inc -ID:\LIRMM\SOFT\AN4449_autopid\an4449_autopid\INC -O0 -ffunction-sections -fdata-sections -g -fstack-usage -Wall -o SRC\stm32f3xx_it.o 
..\SRC\stm32f3xx_it.c: In function 'HRTIM1_TIMA_IRQHandler':
..\SRC\stm32f3xx_it.c:270:12: warning: unused variable 'lVoutB' [-Wunused-variable]
   uint32_t lVoutB = VoutB;
            ^~~~~~
..\SRC\stm32f3xx_it.c:269:12: warning: unused variable 'lVoutA' [-Wunused-variable]
   uint32_t lVoutA = VoutA;
            ^~~~~~
..\SRC\stm32f3xx_it.c:268:12: warning: unused variable 'lVoutRange' [-Wunused-variable]
   uint32_t lVoutRange = VoutRange;
            ^~~~~~~~~~
At top level:
..\SRC\stm32f3xx_it.c:59:17: warning: 'LimitDuty' defined but not used [-Wunused-variable]
 static uint32_t LimitDuty;
                 ^~~~~~~~~
..\SRC\stm32f3xx_it.c:58:14: warning: 'V3term' defined but not used [-Wunused-variable]
 static float V3term;
              ^~~~~~
..\SRC\stm32f3xx_it.c:57:14: warning: 'V2term' defined but not used [-Wunused-variable]
 static float V2term;
              ^~~~~~
..\SRC\stm32f3xx_it.c:56:14: warning: 'V1term' defined but not used [-Wunused-variable]
 static float V1term;
              ^~~~~~
..\SRC\stm32f3xx_it.c:55:17: warning: 'inter2' defined but not used [-Wunused-variable]
 static uint32_t inter2;
                 ^~~~~~
..\SRC\stm32f3xx_it.c:54:17: warning: 'inter1' defined but not used [-Wunused-variable]
 static uint32_t inter1;
                 ^~~~~~
..\SRC\stm32f3xx_it.c:53:17: warning: 'CounterDuty' defined but not used [-Wunused-variable]
 static uint32_t CounterDuty = 0;
                 ^~~~~~~~~~~
..\SRC\stm32f3xx_it.c:52:17: warning: 'CompareDuty' defined but not used [-Wunused-variable]
 static uint32_t CompareDuty;
                 ^~~~~~~~~~~
arm-atollic-eabi-gcc -o an4449_autopid.elf SRC\main.o SRC\startup_stm32f334x8.o SRC\stm32f3xx_hal_msp.o SRC\stm32f3xx_it.o cmsis\src\system_stm32f3xx.o hal\src\stm32f3348_discovery.o hal\src\stm32f3xx_hal.o hal\src\stm32f3xx_hal_adc.o hal\src\stm32f3xx_hal_adc_ex.o hal\src\stm32f3xx_hal_cortex.o hal\src\stm32f3xx_hal_dma.o hal\src\stm32f3xx_hal_flash.o hal\src\stm32f3xx_hal_gpio.o hal\src\stm32f3xx_hal_hrtim.o hal\src\stm32f3xx_hal_pwr.o hal\src\stm32f3xx_hal_pwr_ex.o hal\src\stm32f3xx_hal_rcc.o hal\src\stm32f3xx_hal_rcc_ex.o hal\src\stm32f3xx_hal_spi.o -mthumb -mcpu=cortex-m4 -mfloat-abi=hard -mfpu=fpv4-sp-d16 -T../stm32f30_flash.ld -specs=nosys.specs -static -Wl,-cref,-u,Reset_Handler -Wl,-Map=an4449_autopid.map -Wl,--gc-sections -Wl,--defsym=malloc_getpagesize_P=0x80 -Wl,--start-group -lc -lm -Wl,--end-group 
C:\Program Files (x86)\Atollic\TrueSTUDIO for STM32 9.3.0\ide\jre\bin\java -jar C:\Program Files (x86)\Atollic\TrueSTUDIO for STM32 9.3.0\Tools\arm-atollic-reports.jar sizeinfo list an4449_autopid.elf 
Generate build reports...
Print size information
   text	   data	    bss	    dec	    hex	filename
  22276	     76	    624	  22976	   59c0	an4449_autopid.elf
Print size information done
Generate listing file
Output sent to: an4449_autopid.list
Generate listing file done
Generate build reports done
17:38:31 **** Incremental Build of configuration Debug for project an4449_autopid ****
Info: Internal Builder is used for build
arm-atollic-eabi-gcc -c ..\SRC\main.c -mthumb -mcpu=cortex-m4 -mfloat-abi=hard -mfpu=fpv4-sp-d16 -std=gnu11 -DSTM32F334x8 -DUSE_HAL_DRIVER -DUSE_STM32F3348_DISCO -ID:\LIRMM\SOFT\AN4449_autopid\an4449_autopid\cmsis\inc -ID:\LIRMM\SOFT\AN4449_autopid\an4449_autopid\hal\inc -ID:\LIRMM\SOFT\AN4449_autopid\an4449_autopid\INC -O0 -ffunction-sections -fdata-sections -g -fstack-usage -Wall -o SRC\main.o 
..\SRC\main.c: In function 'HRTIM_Config':
..\SRC\main.c:247:26: warning: unused variable 'output_config' [-Wunused-variable]
   HRTIM_OutputCfgTypeDef output_config;
                          ^~~~~~~~~~~~~
..\SRC\main.c: In function 'PI_Buck':
..\SRC\main.c:827:23: warning: implicit declaration of function 'fabsf' [-Wimplicit-function-declaration]
   Kpmk=Kp_auto*(1+k1*(fabsf(betak)));
                       ^~~~~
..\SRC\main.c:827:23: warning: incompatible implicit declaration of built-in function 'fabsf'
..\SRC\main.c:827:23: note: include '<math.h>' or provide a declaration of 'fabsf'
..\SRC\main.c:763:11: warning: unused variable 'error' [-Wunused-variable]
   int32_t error;
           ^~~~~
..\SRC\main.c:762:11: warning: unused variable 'seterr' [-Wunused-variable]
   int32_t seterr, pid_out;
           ^~~~~~
..\SRC\main.c:758:12: warning: unused variable 'lVoutT' [-Wunused-variable]
   uint32_t lVoutT = VoutT;
            ^~~~~~
arm-atollic-eabi-gcc -o an4449_autopid.elf SRC\main.o SRC\startup_stm32f334x8.o SRC\stm32f3xx_hal_msp.o SRC\stm32f3xx_it.o cmsis\src\system_stm32f3xx.o hal\src\stm32f3348_discovery.o hal\src\stm32f3xx_hal.o hal\src\stm32f3xx_hal_adc.o hal\src\stm32f3xx_hal_adc_ex.o hal\src\stm32f3xx_hal_cortex.o hal\src\stm32f3xx_hal_dma.o hal\src\stm32f3xx_hal_flash.o hal\src\stm32f3xx_hal_gpio.o hal\src\stm32f3xx_hal_hrtim.o hal\src\stm32f3xx_hal_pwr.o hal\src\stm32f3xx_hal_pwr_ex.o hal\src\stm32f3xx_hal_rcc.o hal\src\stm32f3xx_hal_rcc_ex.o hal\src\stm32f3xx_hal_spi.o -mthumb -mcpu=cortex-m4 -mfloat-abi=hard -mfpu=fpv4-sp-d16 -T../stm32f30_flash.ld -specs=nosys.specs -static -Wl,-cref,-u,Reset_Handler -Wl,-Map=an4449_autopid.map -Wl,--gc-sections -Wl,--defsym=malloc_getpagesize_P=0x80 -Wl,--start-group -lc -lm -Wl,--end-group 
C:\Program Files (x86)\Atollic\TrueSTUDIO for STM32 9.3.0\ide\jre\bin\java -jar C:\Program Files (x86)\Atollic\TrueSTUDIO for STM32 9.3.0\Tools\arm-atollic-reports.jar sizeinfo list an4449_autopid.elf 
Generate build reports...
Print size information
   text	   data	    bss	    dec	    hex	filename
  22276	     76	    624	  22976	   59c0	an4449_autopid.elf
Print size information done
Generate listing file
Output sent to: an4449_autopid.list
Generate listing file done
Generate build reports done
17:39:30 **** Incremental Build of configuration Debug for project an4449_autopid ****
Info: Internal Builder is used for build
arm-atollic-eabi-gcc -c ..\SRC\main.c -mthumb -mcpu=cortex-m4 -mfloat-abi=hard -mfpu=fpv4-sp-d16 -std=gnu11 -DSTM32F334x8 -DUSE_HAL_DRIVER -DUSE_STM32F3348_DISCO -ID:\LIRMM\SOFT\AN4449_autopid\an4449_autopid\cmsis\inc -ID:\LIRMM\SOFT\AN4449_autopid\an4449_autopid\hal\inc -ID:\LIRMM\SOFT\AN4449_autopid\an4449_autopid\INC -O0 -ffunction-sections -fdata-sections -g -fstack-usage -Wall -o SRC\main.o 
..\SRC\main.c: In function 'HRTIM_Config':
..\SRC\main.c:247:26: warning: unused variable 'output_config' [-Wunused-variable]
   HRTIM_OutputCfgTypeDef output_config;
                          ^~~~~~~~~~~~~
..\SRC\main.c: In function 'PI_Buck':
..\SRC\main.c:827:23: warning: implicit declaration of function 'fabsf' [-Wimplicit-function-declaration]
   Kpmk=Kp_auto*(1+k1*(fabsf(betak)));
                       ^~~~~
..\SRC\main.c:827:23: warning: incompatible implicit declaration of built-in function 'fabsf'
..\SRC\main.c:827:23: note: include '<math.h>' or provide a declaration of 'fabsf'
..\SRC\main.c:763:11: warning: unused variable 'error' [-Wunused-variable]
   int32_t error;
           ^~~~~
..\SRC\main.c:762:11: warning: unused variable 'seterr' [-Wunused-variable]
   int32_t seterr, pid_out;
           ^~~~~~
..\SRC\main.c:758:12: warning: unused variable 'lVoutT' [-Wunused-variable]
   uint32_t lVoutT = VoutT;
            ^~~~~~
arm-atollic-eabi-gcc -o an4449_autopid.elf SRC\main.o SRC\startup_stm32f334x8.o SRC\stm32f3xx_hal_msp.o SRC\stm32f3xx_it.o cmsis\src\system_stm32f3xx.o hal\src\stm32f3348_discovery.o hal\src\stm32f3xx_hal.o hal\src\stm32f3xx_hal_adc.o hal\src\stm32f3xx_hal_adc_ex.o hal\src\stm32f3xx_hal_cortex.o hal\src\stm32f3xx_hal_dma.o hal\src\stm32f3xx_hal_flash.o hal\src\stm32f3xx_hal_gpio.o hal\src\stm32f3xx_hal_hrtim.o hal\src\stm32f3xx_hal_pwr.o hal\src\stm32f3xx_hal_pwr_ex.o hal\src\stm32f3xx_hal_rcc.o hal\src\stm32f3xx_hal_rcc_ex.o hal\src\stm32f3xx_hal_spi.o -mthumb -mcpu=cortex-m4 -mfloat-abi=hard -mfpu=fpv4-sp-d16 -T../stm32f30_flash.ld -specs=nosys.specs -static -Wl,-cref,-u,Reset_Handler -Wl,-Map=an4449_autopid.map -Wl,--gc-sections -Wl,--defsym=malloc_getpagesize_P=0x80 -Wl,--start-group -lc -lm -Wl,--end-group 
C:\Program Files (x86)\Atollic\TrueSTUDIO for STM32 9.3.0\ide\jre\bin\java -jar C:\Program Files (x86)\Atollic\TrueSTUDIO for STM32 9.3.0\Tools\arm-atollic-reports.jar sizeinfo list an4449_autopid.elf 
Generate build reports...
Print size information
   text	   data	    bss	    dec	    hex	filename
  22276	     80	    620	  22976	   59c0	an4449_autopid.elf
Print size information done
Generate listing file
Output sent to: an4449_autopid.list
Generate listing file done
Generate build reports done
17:39:55 **** Incremental Build of configuration Debug for project an4449_autopid ****
Info: Internal Builder is used for build
arm-atollic-eabi-gcc -c ..\SRC\main.c -mthumb -mcpu=cortex-m4 -mfloat-abi=hard -mfpu=fpv4-sp-d16 -std=gnu11 -DSTM32F334x8 -DUSE_HAL_DRIVER -DUSE_STM32F3348_DISCO -ID:\LIRMM\SOFT\AN4449_autopid\an4449_autopid\cmsis\inc -ID:\LIRMM\SOFT\AN4449_autopid\an4449_autopid\hal\inc -ID:\LIRMM\SOFT\AN4449_autopid\an4449_autopid\INC -O0 -ffunction-sections -fdata-sections -g -fstack-usage -Wall -o SRC\main.o 
..\SRC\main.c: In function 'HRTIM_Config':
..\SRC\main.c:247:26: warning: unused variable 'output_config' [-Wunused-variable]
   HRTIM_OutputCfgTypeDef output_config;
                          ^~~~~~~~~~~~~
..\SRC\main.c: In function 'PI_Buck':
..\SRC\main.c:827:23: warning: implicit declaration of function 'fabsf' [-Wimplicit-function-declaration]
   Kpmk=Kp_auto*(1+k1*(fabsf(betak)));
                       ^~~~~
..\SRC\main.c:827:23: warning: incompatible implicit declaration of built-in function 'fabsf'
..\SRC\main.c:827:23: note: include '<math.h>' or provide a declaration of 'fabsf'
..\SRC\main.c:763:11: warning: unused variable 'error' [-Wunused-variable]
   int32_t error;
           ^~~~~
..\SRC\main.c:762:11: warning: unused variable 'seterr' [-Wunused-variable]
   int32_t seterr, pid_out;
           ^~~~~~
..\SRC\main.c:758:12: warning: unused variable 'lVoutT' [-Wunused-variable]
   uint32_t lVoutT = VoutT;
            ^~~~~~
arm-atollic-eabi-gcc -o an4449_autopid.elf SRC\main.o SRC\startup_stm32f334x8.o SRC\stm32f3xx_hal_msp.o SRC\stm32f3xx_it.o cmsis\src\system_stm32f3xx.o hal\src\stm32f3348_discovery.o hal\src\stm32f3xx_hal.o hal\src\stm32f3xx_hal_adc.o hal\src\stm32f3xx_hal_adc_ex.o hal\src\stm32f3xx_hal_cortex.o hal\src\stm32f3xx_hal_dma.o hal\src\stm32f3xx_hal_flash.o hal\src\stm32f3xx_hal_gpio.o hal\src\stm32f3xx_hal_hrtim.o hal\src\stm32f3xx_hal_pwr.o hal\src\stm32f3xx_hal_pwr_ex.o hal\src\stm32f3xx_hal_rcc.o hal\src\stm32f3xx_hal_rcc_ex.o hal\src\stm32f3xx_hal_spi.o -mthumb -mcpu=cortex-m4 -mfloat-abi=hard -mfpu=fpv4-sp-d16 -T../stm32f30_flash.ld -specs=nosys.specs -static -Wl,-cref,-u,Reset_Handler -Wl,-Map=an4449_autopid.map -Wl,--gc-sections -Wl,--defsym=malloc_getpagesize_P=0x80 -Wl,--start-group -lc -lm -Wl,--end-group 
C:\Program Files (x86)\Atollic\TrueSTUDIO for STM32 9.3.0\ide\jre\bin\java -jar C:\Program Files (x86)\Atollic\TrueSTUDIO for STM32 9.3.0\Tools\arm-atollic-reports.jar sizeinfo list an4449_autopid.elf 
Generate build reports...
Print size information
   text	   data	    bss	    dec	    hex	filename
  22276	     84	    616	  22976	   59c0	an4449_autopid.elf
Print size information done
Generate listing file
Output sent to: an4449_autopid.list
Generate listing file done
Generate build reports done
17:52:47 **** Incremental Build of configuration Debug for project an4449_autopid ****
Info: Internal Builder is used for build
arm-atollic-eabi-gcc -c ..\SRC\main.c -mthumb -mcpu=cortex-m4 -mfloat-abi=hard -mfpu=fpv4-sp-d16 -std=gnu11 -DSTM32F334x8 -DUSE_HAL_DRIVER -DUSE_STM32F3348_DISCO -ID:\LIRMM\SOFT\AN4449_autopid\an4449_autopid\cmsis\inc -ID:\LIRMM\SOFT\AN4449_autopid\an4449_autopid\hal\inc -ID:\LIRMM\SOFT\AN4449_autopid\an4449_autopid\INC -O0 -ffunction-sections -fdata-sections -g -fstack-usage -Wall -o SRC\main.o 
..\SRC\main.c: In function 'HRTIM_Config':
..\SRC\main.c:247:26: warning: unused variable 'output_config' [-Wunused-variable]
   HRTIM_OutputCfgTypeDef output_config;
                          ^~~~~~~~~~~~~
..\SRC\main.c: In function 'PI_Buck':
..\SRC\main.c:827:23: warning: implicit declaration of function 'fabsf' [-Wimplicit-function-declaration]
   Kpmk=Kp_auto*(1+k1*(fabsf(betak)));
                       ^~~~~
..\SRC\main.c:827:23: warning: incompatible implicit declaration of built-in function 'fabsf'
..\SRC\main.c:827:23: note: include '<math.h>' or provide a declaration of 'fabsf'
..\SRC\main.c:763:11: warning: unused variable 'error' [-Wunused-variable]
   int32_t error;
           ^~~~~
..\SRC\main.c:762:11: warning: unused variable 'seterr' [-Wunused-variable]
   int32_t seterr, pid_out;
           ^~~~~~
..\SRC\main.c:758:12: warning: unused variable 'lVoutT' [-Wunused-variable]
   uint32_t lVoutT = VoutT;
            ^~~~~~
arm-atollic-eabi-gcc -o an4449_autopid.elf SRC\main.o SRC\startup_stm32f334x8.o SRC\stm32f3xx_hal_msp.o SRC\stm32f3xx_it.o cmsis\src\system_stm32f3xx.o hal\src\stm32f3348_discovery.o hal\src\stm32f3xx_hal.o hal\src\stm32f3xx_hal_adc.o hal\src\stm32f3xx_hal_adc_ex.o hal\src\stm32f3xx_hal_cortex.o hal\src\stm32f3xx_hal_dma.o hal\src\stm32f3xx_hal_flash.o hal\src\stm32f3xx_hal_gpio.o hal\src\stm32f3xx_hal_hrtim.o hal\src\stm32f3xx_hal_pwr.o hal\src\stm32f3xx_hal_pwr_ex.o hal\src\stm32f3xx_hal_rcc.o hal\src\stm32f3xx_hal_rcc_ex.o hal\src\stm32f3xx_hal_spi.o -mthumb -mcpu=cortex-m4 -mfloat-abi=hard -mfpu=fpv4-sp-d16 -T../stm32f30_flash.ld -specs=nosys.specs -static -Wl,-cref,-u,Reset_Handler -Wl,-Map=an4449_autopid.map -Wl,--gc-sections -Wl,--defsym=malloc_getpagesize_P=0x80 -Wl,--start-group -lc -lm -Wl,--end-group 
C:\Program Files (x86)\Atollic\TrueSTUDIO for STM32 9.3.0\ide\jre\bin\java -jar C:\Program Files (x86)\Atollic\TrueSTUDIO for STM32 9.3.0\Tools\arm-atollic-reports.jar sizeinfo list an4449_autopid.elf 
Generate build reports...
Print size information
   text	   data	    bss	    dec	    hex	filename
  22276	     76	    624	  22976	   59c0	an4449_autopid.elf
Print size information done
Generate listing file
Output sent to: an4449_autopid.list
Generate listing file done
Generate build reports done
17:54:11 **** Incremental Build of configuration Debug for project an4449_autopid ****
Info: Internal Builder is used for build
arm-atollic-eabi-gcc -c ..\SRC\main.c -mthumb -mcpu=cortex-m4 -mfloat-abi=hard -mfpu=fpv4-sp-d16 -std=gnu11 -DSTM32F334x8 -DUSE_HAL_DRIVER -DUSE_STM32F3348_DISCO -ID:\LIRMM\SOFT\AN4449_autopid\an4449_autopid\cmsis\inc -ID:\LIRMM\SOFT\AN4449_autopid\an4449_autopid\hal\inc -ID:\LIRMM\SOFT\AN4449_autopid\an4449_autopid\INC -O0 -ffunction-sections -fdata-sections -g -fstack-usage -Wall -o SRC\main.o 
..\SRC\main.c: In function 'HRTIM_Config':
..\SRC\main.c:247:26: warning: unused variable 'output_config' [-Wunused-variable]
   HRTIM_OutputCfgTypeDef output_config;
                          ^~~~~~~~~~~~~
..\SRC\main.c: In function 'PI_Buck':
..\SRC\main.c:827:23: warning: implicit declaration of function 'fabsf' [-Wimplicit-function-declaration]
   Kpmk=Kp_auto*(1+k1*(fabsf(betak)));
                       ^~~~~
..\SRC\main.c:827:23: warning: incompatible implicit declaration of built-in function 'fabsf'
..\SRC\main.c:827:23: note: include '<math.h>' or provide a declaration of 'fabsf'
..\SRC\main.c:763:11: warning: unused variable 'error' [-Wunused-variable]
   int32_t error;
           ^~~~~
..\SRC\main.c:762:11: warning: unused variable 'seterr' [-Wunused-variable]
   int32_t seterr, pid_out;
           ^~~~~~
..\SRC\main.c:758:12: warning: unused variable 'lVoutT' [-Wunused-variable]
   uint32_t lVoutT = VoutT;
            ^~~~~~
arm-atollic-eabi-gcc -o an4449_autopid.elf SRC\main.o SRC\startup_stm32f334x8.o SRC\stm32f3xx_hal_msp.o SRC\stm32f3xx_it.o cmsis\src\system_stm32f3xx.o hal\src\stm32f3348_discovery.o hal\src\stm32f3xx_hal.o hal\src\stm32f3xx_hal_adc.o hal\src\stm32f3xx_hal_adc_ex.o hal\src\stm32f3xx_hal_cortex.o hal\src\stm32f3xx_hal_dma.o hal\src\stm32f3xx_hal_flash.o hal\src\stm32f3xx_hal_gpio.o hal\src\stm32f3xx_hal_hrtim.o hal\src\stm32f3xx_hal_pwr.o hal\src\stm32f3xx_hal_pwr_ex.o hal\src\stm32f3xx_hal_rcc.o hal\src\stm32f3xx_hal_rcc_ex.o hal\src\stm32f3xx_hal_spi.o -mthumb -mcpu=cortex-m4 -mfloat-abi=hard -mfpu=fpv4-sp-d16 -T../stm32f30_flash.ld -specs=nosys.specs -static -Wl,-cref,-u,Reset_Handler -Wl,-Map=an4449_autopid.map -Wl,--gc-sections -Wl,--defsym=malloc_getpagesize_P=0x80 -Wl,--start-group -lc -lm -Wl,--end-group 
C:\Program Files (x86)\Atollic\TrueSTUDIO for STM32 9.3.0\ide\jre\bin\java -jar C:\Program Files (x86)\Atollic\TrueSTUDIO for STM32 9.3.0\Tools\arm-atollic-reports.jar sizeinfo list an4449_autopid.elf 
Generate build reports...
Print size information
   text	   data	    bss	    dec	    hex	filename
  22276	     84	    616	  22976	   59c0	an4449_autopid.elf
Print size information done
Generate listing file
Output sent to: an4449_autopid.list
Generate listing file done
Generate build reports done
18:11:35 **** Incremental Build of configuration Debug for project an4449_autopid ****
Info: Internal Builder is used for build
arm-atollic-eabi-gcc -c ..\SRC\main.c -mthumb -mcpu=cortex-m4 -mfloat-abi=hard -mfpu=fpv4-sp-d16 -std=gnu11 -DSTM32F334x8 -DUSE_HAL_DRIVER -DUSE_STM32F3348_DISCO -ID:\LIRMM\SOFT\AN4449_autopid\an4449_autopid\cmsis\inc -ID:\LIRMM\SOFT\AN4449_autopid\an4449_autopid\hal\inc -ID:\LIRMM\SOFT\AN4449_autopid\an4449_autopid\INC -O0 -ffunction-sections -fdata-sections -g -fstack-usage -Wall -o SRC\main.o 
..\SRC\main.c: In function 'HRTIM_Config':
..\SRC\main.c:247:26: warning: unused variable 'output_config' [-Wunused-variable]
   HRTIM_OutputCfgTypeDef output_config;
                          ^~~~~~~~~~~~~
..\SRC\main.c: In function 'PI_Buck':
..\SRC\main.c:827:23: warning: implicit declaration of function 'fabsf' [-Wimplicit-function-declaration]
   Kpmk=Kp_auto*(1+k1*(fabsf(betak)));
                       ^~~~~
..\SRC\main.c:827:23: warning: incompatible implicit declaration of built-in function 'fabsf'
..\SRC\main.c:827:23: note: include '<math.h>' or provide a declaration of 'fabsf'
..\SRC\main.c:763:11: warning: unused variable 'error' [-Wunused-variable]
   int32_t error;
           ^~~~~
..\SRC\main.c:762:11: warning: unused variable 'seterr' [-Wunused-variable]
   int32_t seterr, pid_out;
           ^~~~~~
..\SRC\main.c:758:12: warning: unused variable 'lVoutT' [-Wunused-variable]
   uint32_t lVoutT = VoutT;
            ^~~~~~
arm-atollic-eabi-gcc -o an4449_autopid.elf SRC\main.o SRC\startup_stm32f334x8.o SRC\stm32f3xx_hal_msp.o SRC\stm32f3xx_it.o cmsis\src\system_stm32f3xx.o hal\src\stm32f3348_discovery.o hal\src\stm32f3xx_hal.o hal\src\stm32f3xx_hal_adc.o hal\src\stm32f3xx_hal_adc_ex.o hal\src\stm32f3xx_hal_cortex.o hal\src\stm32f3xx_hal_dma.o hal\src\stm32f3xx_hal_flash.o hal\src\stm32f3xx_hal_gpio.o hal\src\stm32f3xx_hal_hrtim.o hal\src\stm32f3xx_hal_pwr.o hal\src\stm32f3xx_hal_pwr_ex.o hal\src\stm32f3xx_hal_rcc.o hal\src\stm32f3xx_hal_rcc_ex.o hal\src\stm32f3xx_hal_spi.o -mthumb -mcpu=cortex-m4 -mfloat-abi=hard -mfpu=fpv4-sp-d16 -T../stm32f30_flash.ld -specs=nosys.specs -static -Wl,-cref,-u,Reset_Handler -Wl,-Map=an4449_autopid.map -Wl,--gc-sections -Wl,--defsym=malloc_getpagesize_P=0x80 -Wl,--start-group -lc -lm -Wl,--end-group 
C:\Program Files (x86)\Atollic\TrueSTUDIO for STM32 9.3.0\ide\jre\bin\java -jar C:\Program Files (x86)\Atollic\TrueSTUDIO for STM32 9.3.0\Tools\arm-atollic-reports.jar sizeinfo list an4449_autopid.elf 
Generate build reports...
Print size information
   text	   data	    bss	    dec	    hex	filename
  22276	     76	    624	  22976	   59c0	an4449_autopid.elf
Print size information done
Generate listing file
Output sent to: an4449_autopid.list
Generate listing file done
Generate build reports done
18:12:25 **** Incremental Build of configuration Debug for project an4449_autopid ****
Info: Internal Builder is used for build
arm-atollic-eabi-gcc -c ..\SRC\main.c -mthumb -mcpu=cortex-m4 -mfloat-abi=hard -mfpu=fpv4-sp-d16 -std=gnu11 -DSTM32F334x8 -DUSE_HAL_DRIVER -DUSE_STM32F3348_DISCO -ID:\LIRMM\SOFT\AN4449_autopid\an4449_autopid\cmsis\inc -ID:\LIRMM\SOFT\AN4449_autopid\an4449_autopid\hal\inc -ID:\LIRMM\SOFT\AN4449_autopid\an4449_autopid\INC -O0 -ffunction-sections -fdata-sections -g -fstack-usage -Wall -o SRC\main.o 
..\SRC\main.c: In function 'HRTIM_Config':
..\SRC\main.c:247:26: warning: unused variable 'output_config' [-Wunused-variable]
   HRTIM_OutputCfgTypeDef output_config;
                          ^~~~~~~~~~~~~
..\SRC\main.c: In function 'PI_Buck':
..\SRC\main.c:827:23: warning: implicit declaration of function 'fabsf' [-Wimplicit-function-declaration]
   Kpmk=Kp_auto*(1+k1*(fabsf(betak)));
                       ^~~~~
..\SRC\main.c:827:23: warning: incompatible implicit declaration of built-in function 'fabsf'
..\SRC\main.c:827:23: note: include '<math.h>' or provide a declaration of 'fabsf'
..\SRC\main.c:763:11: warning: unused variable 'error' [-Wunused-variable]
   int32_t error;
           ^~~~~
..\SRC\main.c:762:11: warning: unused variable 'seterr' [-Wunused-variable]
   int32_t seterr, pid_out;
           ^~~~~~
..\SRC\main.c:758:12: warning: unused variable 'lVoutT' [-Wunused-variable]
   uint32_t lVoutT = VoutT;
            ^~~~~~
arm-atollic-eabi-gcc -o an4449_autopid.elf SRC\main.o SRC\startup_stm32f334x8.o SRC\stm32f3xx_hal_msp.o SRC\stm32f3xx_it.o cmsis\src\system_stm32f3xx.o hal\src\stm32f3348_discovery.o hal\src\stm32f3xx_hal.o hal\src\stm32f3xx_hal_adc.o hal\src\stm32f3xx_hal_adc_ex.o hal\src\stm32f3xx_hal_cortex.o hal\src\stm32f3xx_hal_dma.o hal\src\stm32f3xx_hal_flash.o hal\src\stm32f3xx_hal_gpio.o hal\src\stm32f3xx_hal_hrtim.o hal\src\stm32f3xx_hal_pwr.o hal\src\stm32f3xx_hal_pwr_ex.o hal\src\stm32f3xx_hal_rcc.o hal\src\stm32f3xx_hal_rcc_ex.o hal\src\stm32f3xx_hal_spi.o -mthumb -mcpu=cortex-m4 -mfloat-abi=hard -mfpu=fpv4-sp-d16 -T../stm32f30_flash.ld -specs=nosys.specs -static -Wl,-cref,-u,Reset_Handler -Wl,-Map=an4449_autopid.map -Wl,--gc-sections -Wl,--defsym=malloc_getpagesize_P=0x80 -Wl,--start-group -lc -lm -Wl,--end-group 
C:\Program Files (x86)\Atollic\TrueSTUDIO for STM32 9.3.0\ide\jre\bin\java -jar C:\Program Files (x86)\Atollic\TrueSTUDIO for STM32 9.3.0\Tools\arm-atollic-reports.jar sizeinfo list an4449_autopid.elf 
Generate build reports...
Print size information
   text	   data	    bss	    dec	    hex	filename
  22276	     84	    616	  22976	   59c0	an4449_autopid.elf
Print size information done
Generate listing file
Output sent to: an4449_autopid.list
Generate listing file done
Generate build reports done
18:13:08 **** Incremental Build of configuration Debug for project an4449_autopid ****
Info: Internal Builder is used for build
arm-atollic-eabi-gcc -c ..\SRC\main.c -mthumb -mcpu=cortex-m4 -mfloat-abi=hard -mfpu=fpv4-sp-d16 -std=gnu11 -DSTM32F334x8 -DUSE_HAL_DRIVER -DUSE_STM32F3348_DISCO -ID:\LIRMM\SOFT\AN4449_autopid\an4449_autopid\cmsis\inc -ID:\LIRMM\SOFT\AN4449_autopid\an4449_autopid\hal\inc -ID:\LIRMM\SOFT\AN4449_autopid\an4449_autopid\INC -O0 -ffunction-sections -fdata-sections -g -fstack-usage -Wall -o SRC\main.o 
..\SRC\main.c: In function 'HRTIM_Config':
..\SRC\main.c:247:26: warning: unused variable 'output_config' [-Wunused-variable]
   HRTIM_OutputCfgTypeDef output_config;
                          ^~~~~~~~~~~~~
..\SRC\main.c: In function 'PI_Buck':
..\SRC\main.c:827:23: warning: implicit declaration of function 'fabsf' [-Wimplicit-function-declaration]
   Kpmk=Kp_auto*(1+k1*(fabsf(betak)));
                       ^~~~~
..\SRC\main.c:827:23: warning: incompatible implicit declaration of built-in function 'fabsf'
..\SRC\main.c:827:23: note: include '<math.h>' or provide a declaration of 'fabsf'
..\SRC\main.c:763:11: warning: unused variable 'error' [-Wunused-variable]
   int32_t error;
           ^~~~~
..\SRC\main.c:762:11: warning: unused variable 'seterr' [-Wunused-variable]
   int32_t seterr, pid_out;
           ^~~~~~
..\SRC\main.c:758:12: warning: unused variable 'lVoutT' [-Wunused-variable]
   uint32_t lVoutT = VoutT;
            ^~~~~~
arm-atollic-eabi-gcc -o an4449_autopid.elf SRC\main.o SRC\startup_stm32f334x8.o SRC\stm32f3xx_hal_msp.o SRC\stm32f3xx_it.o cmsis\src\system_stm32f3xx.o hal\src\stm32f3348_discovery.o hal\src\stm32f3xx_hal.o hal\src\stm32f3xx_hal_adc.o hal\src\stm32f3xx_hal_adc_ex.o hal\src\stm32f3xx_hal_cortex.o hal\src\stm32f3xx_hal_dma.o hal\src\stm32f3xx_hal_flash.o hal\src\stm32f3xx_hal_gpio.o hal\src\stm32f3xx_hal_hrtim.o hal\src\stm32f3xx_hal_pwr.o hal\src\stm32f3xx_hal_pwr_ex.o hal\src\stm32f3xx_hal_rcc.o hal\src\stm32f3xx_hal_rcc_ex.o hal\src\stm32f3xx_hal_spi.o -mthumb -mcpu=cortex-m4 -mfloat-abi=hard -mfpu=fpv4-sp-d16 -T../stm32f30_flash.ld -specs=nosys.specs -static -Wl,-cref,-u,Reset_Handler -Wl,-Map=an4449_autopid.map -Wl,--gc-sections -Wl,--defsym=malloc_getpagesize_P=0x80 -Wl,--start-group -lc -lm -Wl,--end-group 
C:\Program Files (x86)\Atollic\TrueSTUDIO for STM32 9.3.0\ide\jre\bin\java -jar C:\Program Files (x86)\Atollic\TrueSTUDIO for STM32 9.3.0\Tools\arm-atollic-reports.jar sizeinfo list an4449_autopid.elf 
Generate build reports...
Print size information
   text	   data	    bss	    dec	    hex	filename
  22276	     84	    616	  22976	   59c0	an4449_autopid.elf
Print size information done
Generate listing file
Output sent to: an4449_autopid.list
Generate listing file done
Generate build reports done
18:13:31 **** Incremental Build of configuration Debug for project an4449_autopid ****
Info: Internal Builder is used for build
arm-atollic-eabi-gcc -c ..\SRC\main.c -mthumb -mcpu=cortex-m4 -mfloat-abi=hard -mfpu=fpv4-sp-d16 -std=gnu11 -DSTM32F334x8 -DUSE_HAL_DRIVER -DUSE_STM32F3348_DISCO -ID:\LIRMM\SOFT\AN4449_autopid\an4449_autopid\cmsis\inc -ID:\LIRMM\SOFT\AN4449_autopid\an4449_autopid\hal\inc -ID:\LIRMM\SOFT\AN4449_autopid\an4449_autopid\INC -O0 -ffunction-sections -fdata-sections -g -fstack-usage -Wall -o SRC\main.o 
..\SRC\main.c: In function 'HRTIM_Config':
..\SRC\main.c:247:26: warning: unused variable 'output_config' [-Wunused-variable]
   HRTIM_OutputCfgTypeDef output_config;
                          ^~~~~~~~~~~~~
..\SRC\main.c: In function 'PI_Buck':
..\SRC\main.c:827:23: warning: implicit declaration of function 'fabsf' [-Wimplicit-function-declaration]
   Kpmk=Kp_auto*(1+k1*(fabsf(betak)));
                       ^~~~~
..\SRC\main.c:827:23: warning: incompatible implicit declaration of built-in function 'fabsf'
..\SRC\main.c:827:23: note: include '<math.h>' or provide a declaration of 'fabsf'
..\SRC\main.c:763:11: warning: unused variable 'error' [-Wunused-variable]
   int32_t error;
           ^~~~~
..\SRC\main.c:762:11: warning: unused variable 'seterr' [-Wunused-variable]
   int32_t seterr, pid_out;
           ^~~~~~
..\SRC\main.c:758:12: warning: unused variable 'lVoutT' [-Wunused-variable]
   uint32_t lVoutT = VoutT;
            ^~~~~~
arm-atollic-eabi-gcc -o an4449_autopid.elf SRC\main.o SRC\startup_stm32f334x8.o SRC\stm32f3xx_hal_msp.o SRC\stm32f3xx_it.o cmsis\src\system_stm32f3xx.o hal\src\stm32f3348_discovery.o hal\src\stm32f3xx_hal.o hal\src\stm32f3xx_hal_adc.o hal\src\stm32f3xx_hal_adc_ex.o hal\src\stm32f3xx_hal_cortex.o hal\src\stm32f3xx_hal_dma.o hal\src\stm32f3xx_hal_flash.o hal\src\stm32f3xx_hal_gpio.o hal\src\stm32f3xx_hal_hrtim.o hal\src\stm32f3xx_hal_pwr.o hal\src\stm32f3xx_hal_pwr_ex.o hal\src\stm32f3xx_hal_rcc.o hal\src\stm32f3xx_hal_rcc_ex.o hal\src\stm32f3xx_hal_spi.o -mthumb -mcpu=cortex-m4 -mfloat-abi=hard -mfpu=fpv4-sp-d16 -T../stm32f30_flash.ld -specs=nosys.specs -static -Wl,-cref,-u,Reset_Handler -Wl,-Map=an4449_autopid.map -Wl,--gc-sections -Wl,--defsym=malloc_getpagesize_P=0x80 -Wl,--start-group -lc -lm -Wl,--end-group 
C:\Program Files (x86)\Atollic\TrueSTUDIO for STM32 9.3.0\ide\jre\bin\java -jar C:\Program Files (x86)\Atollic\TrueSTUDIO for STM32 9.3.0\Tools\arm-atollic-reports.jar sizeinfo list an4449_autopid.elf 
Generate build reports...
Print size information
   text	   data	    bss	    dec	    hex	filename
  22276	     84	    616	  22976	   59c0	an4449_autopid.elf
Print size information done
Generate listing file
Output sent to: an4449_autopid.list
Generate listing file done
Generate build reports done
18:13:58 **** Incremental Build of configuration Debug for project an4449_autopid ****
Info: Internal Builder is used for build
arm-atollic-eabi-gcc -c ..\SRC\main.c -mthumb -mcpu=cortex-m4 -mfloat-abi=hard -mfpu=fpv4-sp-d16 -std=gnu11 -DSTM32F334x8 -DUSE_HAL_DRIVER -DUSE_STM32F3348_DISCO -ID:\LIRMM\SOFT\AN4449_autopid\an4449_autopid\cmsis\inc -ID:\LIRMM\SOFT\AN4449_autopid\an4449_autopid\hal\inc -ID:\LIRMM\SOFT\AN4449_autopid\an4449_autopid\INC -O0 -ffunction-sections -fdata-sections -g -fstack-usage -Wall -o SRC\main.o 
..\SRC\main.c: In function 'HRTIM_Config':
..\SRC\main.c:247:26: warning: unused variable 'output_config' [-Wunused-variable]
   HRTIM_OutputCfgTypeDef output_config;
                          ^~~~~~~~~~~~~
..\SRC\main.c: In function 'PI_Buck':
..\SRC\main.c:827:23: warning: implicit declaration of function 'fabsf' [-Wimplicit-function-declaration]
   Kpmk=Kp_auto*(1+k1*(fabsf(betak)));
                       ^~~~~
..\SRC\main.c:827:23: warning: incompatible implicit declaration of built-in function 'fabsf'
..\SRC\main.c:827:23: note: include '<math.h>' or provide a declaration of 'fabsf'
..\SRC\main.c:763:11: warning: unused variable 'error' [-Wunused-variable]
   int32_t error;
           ^~~~~
..\SRC\main.c:762:11: warning: unused variable 'seterr' [-Wunused-variable]
   int32_t seterr, pid_out;
           ^~~~~~
..\SRC\main.c:758:12: warning: unused variable 'lVoutT' [-Wunused-variable]
   uint32_t lVoutT = VoutT;
            ^~~~~~
arm-atollic-eabi-gcc -o an4449_autopid.elf SRC\main.o SRC\startup_stm32f334x8.o SRC\stm32f3xx_hal_msp.o SRC\stm32f3xx_it.o cmsis\src\system_stm32f3xx.o hal\src\stm32f3348_discovery.o hal\src\stm32f3xx_hal.o hal\src\stm32f3xx_hal_adc.o hal\src\stm32f3xx_hal_adc_ex.o hal\src\stm32f3xx_hal_cortex.o hal\src\stm32f3xx_hal_dma.o hal\src\stm32f3xx_hal_flash.o hal\src\stm32f3xx_hal_gpio.o hal\src\stm32f3xx_hal_hrtim.o hal\src\stm32f3xx_hal_pwr.o hal\src\stm32f3xx_hal_pwr_ex.o hal\src\stm32f3xx_hal_rcc.o hal\src\stm32f3xx_hal_rcc_ex.o hal\src\stm32f3xx_hal_spi.o -mthumb -mcpu=cortex-m4 -mfloat-abi=hard -mfpu=fpv4-sp-d16 -T../stm32f30_flash.ld -specs=nosys.specs -static -Wl,-cref,-u,Reset_Handler -Wl,-Map=an4449_autopid.map -Wl,--gc-sections -Wl,--defsym=malloc_getpagesize_P=0x80 -Wl,--start-group -lc -lm -Wl,--end-group 
C:\Program Files (x86)\Atollic\TrueSTUDIO for STM32 9.3.0\ide\jre\bin\java -jar C:\Program Files (x86)\Atollic\TrueSTUDIO for STM32 9.3.0\Tools\arm-atollic-reports.jar sizeinfo list an4449_autopid.elf 
Generate build reports...
Print size information
   text	   data	    bss	    dec	    hex	filename
  22276	     84	    616	  22976	   59c0	an4449_autopid.elf
Print size information done
Generate listing file
Output sent to: an4449_autopid.list
Generate listing file done
Generate build reports done
18:14:34 **** Incremental Build of configuration Debug for project an4449_autopid ****
Info: Internal Builder is used for build
arm-atollic-eabi-gcc -c ..\SRC\main.c -mthumb -mcpu=cortex-m4 -mfloat-abi=hard -mfpu=fpv4-sp-d16 -std=gnu11 -DSTM32F334x8 -DUSE_HAL_DRIVER -DUSE_STM32F3348_DISCO -ID:\LIRMM\SOFT\AN4449_autopid\an4449_autopid\cmsis\inc -ID:\LIRMM\SOFT\AN4449_autopid\an4449_autopid\hal\inc -ID:\LIRMM\SOFT\AN4449_autopid\an4449_autopid\INC -O0 -ffunction-sections -fdata-sections -g -fstack-usage -Wall -o SRC\main.o 
..\SRC\main.c: In function 'HRTIM_Config':
..\SRC\main.c:247:26: warning: unused variable 'output_config' [-Wunused-variable]
   HRTIM_OutputCfgTypeDef output_config;
                          ^~~~~~~~~~~~~
..\SRC\main.c: In function 'PI_Buck':
..\SRC\main.c:827:23: warning: implicit declaration of function 'fabsf' [-Wimplicit-function-declaration]
   Kpmk=Kp_auto*(1+k1*(fabsf(betak)));
                       ^~~~~
..\SRC\main.c:827:23: warning: incompatible implicit declaration of built-in function 'fabsf'
..\SRC\main.c:827:23: note: include '<math.h>' or provide a declaration of 'fabsf'
..\SRC\main.c:763:11: warning: unused variable 'error' [-Wunused-variable]
   int32_t error;
           ^~~~~
..\SRC\main.c:762:11: warning: unused variable 'seterr' [-Wunused-variable]
   int32_t seterr, pid_out;
           ^~~~~~
..\SRC\main.c:758:12: warning: unused variable 'lVoutT' [-Wunused-variable]
   uint32_t lVoutT = VoutT;
            ^~~~~~
arm-atollic-eabi-gcc -o an4449_autopid.elf SRC\main.o SRC\startup_stm32f334x8.o SRC\stm32f3xx_hal_msp.o SRC\stm32f3xx_it.o cmsis\src\system_stm32f3xx.o hal\src\stm32f3348_discovery.o hal\src\stm32f3xx_hal.o hal\src\stm32f3xx_hal_adc.o hal\src\stm32f3xx_hal_adc_ex.o hal\src\stm32f3xx_hal_cortex.o hal\src\stm32f3xx_hal_dma.o hal\src\stm32f3xx_hal_flash.o hal\src\stm32f3xx_hal_gpio.o hal\src\stm32f3xx_hal_hrtim.o hal\src\stm32f3xx_hal_pwr.o hal\src\stm32f3xx_hal_pwr_ex.o hal\src\stm32f3xx_hal_rcc.o hal\src\stm32f3xx_hal_rcc_ex.o hal\src\stm32f3xx_hal_spi.o -mthumb -mcpu=cortex-m4 -mfloat-abi=hard -mfpu=fpv4-sp-d16 -T../stm32f30_flash.ld -specs=nosys.specs -static -Wl,-cref,-u,Reset_Handler -Wl,-Map=an4449_autopid.map -Wl,--gc-sections -Wl,--defsym=malloc_getpagesize_P=0x80 -Wl,--start-group -lc -lm -Wl,--end-group 
C:\Program Files (x86)\Atollic\TrueSTUDIO for STM32 9.3.0\ide\jre\bin\java -jar C:\Program Files (x86)\Atollic\TrueSTUDIO for STM32 9.3.0\Tools\arm-atollic-reports.jar sizeinfo list an4449_autopid.elf 
Generate build reports...
Print size information
   text	   data	    bss	    dec	    hex	filename
  22276	     84	    616	  22976	   59c0	an4449_autopid.elf
Print size information done
Generate listing file
Output sent to: an4449_autopid.list
Generate listing file done
Generate build reports done
18:22:10 **** Incremental Build of configuration Debug for project an4449_autopid ****
Info: Internal Builder is used for build
arm-atollic-eabi-gcc -c ..\SRC\main.c -mthumb -mcpu=cortex-m4 -mfloat-abi=hard -mfpu=fpv4-sp-d16 -std=gnu11 -DSTM32F334x8 -DUSE_HAL_DRIVER -DUSE_STM32F3348_DISCO -ID:\LIRMM\SOFT\AN4449_autopid\an4449_autopid\cmsis\inc -ID:\LIRMM\SOFT\AN4449_autopid\an4449_autopid\hal\inc -ID:\LIRMM\SOFT\AN4449_autopid\an4449_autopid\INC -O0 -ffunction-sections -fdata-sections -g -fstack-usage -Wall -o SRC\main.o 
..\SRC\main.c: In function 'HRTIM_Config':
..\SRC\main.c:247:26: warning: unused variable 'output_config' [-Wunused-variable]
   HRTIM_OutputCfgTypeDef output_config;
                          ^~~~~~~~~~~~~
..\SRC\main.c: In function 'PI_Buck':
..\SRC\main.c:827:23: warning: implicit declaration of function 'fabsf' [-Wimplicit-function-declaration]
   Kpmk=Kp_auto*(1+k1*(fabsf(betak)));
                       ^~~~~
..\SRC\main.c:827:23: warning: incompatible implicit declaration of built-in function 'fabsf'
..\SRC\main.c:827:23: note: include '<math.h>' or provide a declaration of 'fabsf'
..\SRC\main.c:763:11: warning: unused variable 'error' [-Wunused-variable]
   int32_t error;
           ^~~~~
..\SRC\main.c:762:11: warning: unused variable 'seterr' [-Wunused-variable]
   int32_t seterr, pid_out;
           ^~~~~~
..\SRC\main.c:758:12: warning: unused variable 'lVoutT' [-Wunused-variable]
   uint32_t lVoutT = VoutT;
            ^~~~~~
arm-atollic-eabi-gcc -o an4449_autopid.elf SRC\main.o SRC\startup_stm32f334x8.o SRC\stm32f3xx_hal_msp.o SRC\stm32f3xx_it.o cmsis\src\system_stm32f3xx.o hal\src\stm32f3348_discovery.o hal\src\stm32f3xx_hal.o hal\src\stm32f3xx_hal_adc.o hal\src\stm32f3xx_hal_adc_ex.o hal\src\stm32f3xx_hal_cortex.o hal\src\stm32f3xx_hal_dma.o hal\src\stm32f3xx_hal_flash.o hal\src\stm32f3xx_hal_gpio.o hal\src\stm32f3xx_hal_hrtim.o hal\src\stm32f3xx_hal_pwr.o hal\src\stm32f3xx_hal_pwr_ex.o hal\src\stm32f3xx_hal_rcc.o hal\src\stm32f3xx_hal_rcc_ex.o hal\src\stm32f3xx_hal_spi.o -mthumb -mcpu=cortex-m4 -mfloat-abi=hard -mfpu=fpv4-sp-d16 -T../stm32f30_flash.ld -specs=nosys.specs -static -Wl,-cref,-u,Reset_Handler -Wl,-Map=an4449_autopid.map -Wl,--gc-sections -Wl,--defsym=malloc_getpagesize_P=0x80 -Wl,--start-group -lc -lm -Wl,--end-group 
C:\Program Files (x86)\Atollic\TrueSTUDIO for STM32 9.3.0\ide\jre\bin\java -jar C:\Program Files (x86)\Atollic\TrueSTUDIO for STM32 9.3.0\Tools\arm-atollic-reports.jar sizeinfo list an4449_autopid.elf 
Generate build reports...
Print size information
   text	   data	    bss	    dec	    hex	filename
  22276	     80	    620	  22976	   59c0	an4449_autopid.elf
Print size information done
Generate listing file
Output sent to: an4449_autopid.list
Generate listing file done
Generate build reports done
18:22:41 **** Incremental Build of configuration Debug for project an4449_autopid ****
Info: Internal Builder is used for build
arm-atollic-eabi-gcc -c ..\SRC\main.c -mthumb -mcpu=cortex-m4 -mfloat-abi=hard -mfpu=fpv4-sp-d16 -std=gnu11 -DSTM32F334x8 -DUSE_HAL_DRIVER -DUSE_STM32F3348_DISCO -ID:\LIRMM\SOFT\AN4449_autopid\an4449_autopid\cmsis\inc -ID:\LIRMM\SOFT\AN4449_autopid\an4449_autopid\hal\inc -ID:\LIRMM\SOFT\AN4449_autopid\an4449_autopid\INC -O0 -ffunction-sections -fdata-sections -g -fstack-usage -Wall -o SRC\main.o 
..\SRC\main.c: In function 'HRTIM_Config':
..\SRC\main.c:247:26: warning: unused variable 'output_config' [-Wunused-variable]
   HRTIM_OutputCfgTypeDef output_config;
                          ^~~~~~~~~~~~~
..\SRC\main.c: In function 'PI_Buck':
..\SRC\main.c:827:23: warning: implicit declaration of function 'fabsf' [-Wimplicit-function-declaration]
   Kpmk=Kp_auto*(1+k1*(fabsf(betak)));
                       ^~~~~
..\SRC\main.c:827:23: warning: incompatible implicit declaration of built-in function 'fabsf'
..\SRC\main.c:827:23: note: include '<math.h>' or provide a declaration of 'fabsf'
..\SRC\main.c:763:11: warning: unused variable 'error' [-Wunused-variable]
   int32_t error;
           ^~~~~
..\SRC\main.c:762:11: warning: unused variable 'seterr' [-Wunused-variable]
   int32_t seterr, pid_out;
           ^~~~~~
..\SRC\main.c:758:12: warning: unused variable 'lVoutT' [-Wunused-variable]
   uint32_t lVoutT = VoutT;
            ^~~~~~
arm-atollic-eabi-gcc -o an4449_autopid.elf SRC\main.o SRC\startup_stm32f334x8.o SRC\stm32f3xx_hal_msp.o SRC\stm32f3xx_it.o cmsis\src\system_stm32f3xx.o hal\src\stm32f3348_discovery.o hal\src\stm32f3xx_hal.o hal\src\stm32f3xx_hal_adc.o hal\src\stm32f3xx_hal_adc_ex.o hal\src\stm32f3xx_hal_cortex.o hal\src\stm32f3xx_hal_dma.o hal\src\stm32f3xx_hal_flash.o hal\src\stm32f3xx_hal_gpio.o hal\src\stm32f3xx_hal_hrtim.o hal\src\stm32f3xx_hal_pwr.o hal\src\stm32f3xx_hal_pwr_ex.o hal\src\stm32f3xx_hal_rcc.o hal\src\stm32f3xx_hal_rcc_ex.o hal\src\stm32f3xx_hal_spi.o -mthumb -mcpu=cortex-m4 -mfloat-abi=hard -mfpu=fpv4-sp-d16 -T../stm32f30_flash.ld -specs=nosys.specs -static -Wl,-cref,-u,Reset_Handler -Wl,-Map=an4449_autopid.map -Wl,--gc-sections -Wl,--defsym=malloc_getpagesize_P=0x80 -Wl,--start-group -lc -lm -Wl,--end-group 
C:\Program Files (x86)\Atollic\TrueSTUDIO for STM32 9.3.0\ide\jre\bin\java -jar C:\Program Files (x86)\Atollic\TrueSTUDIO for STM32 9.3.0\Tools\arm-atollic-reports.jar sizeinfo list an4449_autopid.elf 
Generate build reports...
Print size information
   text	   data	    bss	    dec	    hex	filename
  22276	     80	    620	  22976	   59c0	an4449_autopid.elf
Print size information done
Generate listing file
Output sent to: an4449_autopid.list
Generate listing file done
Generate build reports done
18:23:18 **** Incremental Build of configuration Debug for project an4449_autopid ****
Info: Internal Builder is used for build
arm-atollic-eabi-gcc -c ..\SRC\main.c -mthumb -mcpu=cortex-m4 -mfloat-abi=hard -mfpu=fpv4-sp-d16 -std=gnu11 -DSTM32F334x8 -DUSE_HAL_DRIVER -DUSE_STM32F3348_DISCO -ID:\LIRMM\SOFT\AN4449_autopid\an4449_autopid\cmsis\inc -ID:\LIRMM\SOFT\AN4449_autopid\an4449_autopid\hal\inc -ID:\LIRMM\SOFT\AN4449_autopid\an4449_autopid\INC -O0 -ffunction-sections -fdata-sections -g -fstack-usage -Wall -o SRC\main.o 
..\SRC\main.c: In function 'HRTIM_Config':
..\SRC\main.c:247:26: warning: unused variable 'output_config' [-Wunused-variable]
   HRTIM_OutputCfgTypeDef output_config;
                          ^~~~~~~~~~~~~
..\SRC\main.c: In function 'PI_Buck':
..\SRC\main.c:827:23: warning: implicit declaration of function 'fabsf' [-Wimplicit-function-declaration]
   Kpmk=Kp_auto*(1+k1*(fabsf(betak)));
                       ^~~~~
..\SRC\main.c:827:23: warning: incompatible implicit declaration of built-in function 'fabsf'
..\SRC\main.c:827:23: note: include '<math.h>' or provide a declaration of 'fabsf'
..\SRC\main.c:763:11: warning: unused variable 'error' [-Wunused-variable]
   int32_t error;
           ^~~~~
..\SRC\main.c:762:11: warning: unused variable 'seterr' [-Wunused-variable]
   int32_t seterr, pid_out;
           ^~~~~~
..\SRC\main.c:758:12: warning: unused variable 'lVoutT' [-Wunused-variable]
   uint32_t lVoutT = VoutT;
            ^~~~~~
arm-atollic-eabi-gcc -o an4449_autopid.elf SRC\main.o SRC\startup_stm32f334x8.o SRC\stm32f3xx_hal_msp.o SRC\stm32f3xx_it.o cmsis\src\system_stm32f3xx.o hal\src\stm32f3348_discovery.o hal\src\stm32f3xx_hal.o hal\src\stm32f3xx_hal_adc.o hal\src\stm32f3xx_hal_adc_ex.o hal\src\stm32f3xx_hal_cortex.o hal\src\stm32f3xx_hal_dma.o hal\src\stm32f3xx_hal_flash.o hal\src\stm32f3xx_hal_gpio.o hal\src\stm32f3xx_hal_hrtim.o hal\src\stm32f3xx_hal_pwr.o hal\src\stm32f3xx_hal_pwr_ex.o hal\src\stm32f3xx_hal_rcc.o hal\src\stm32f3xx_hal_rcc_ex.o hal\src\stm32f3xx_hal_spi.o -mthumb -mcpu=cortex-m4 -mfloat-abi=hard -mfpu=fpv4-sp-d16 -T../stm32f30_flash.ld -specs=nosys.specs -static -Wl,-cref,-u,Reset_Handler -Wl,-Map=an4449_autopid.map -Wl,--gc-sections -Wl,--defsym=malloc_getpagesize_P=0x80 -Wl,--start-group -lc -lm -Wl,--end-group 
C:\Program Files (x86)\Atollic\TrueSTUDIO for STM32 9.3.0\ide\jre\bin\java -jar C:\Program Files (x86)\Atollic\TrueSTUDIO for STM32 9.3.0\Tools\arm-atollic-reports.jar sizeinfo list an4449_autopid.elf 
Generate build reports...
Print size information
   text	   data	    bss	    dec	    hex	filename
  22276	     80	    620	  22976	   59c0	an4449_autopid.elf
Print size information done
Generate listing file
Output sent to: an4449_autopid.list
Generate listing file done
Generate build reports done
18:23:38 **** Incremental Build of configuration Debug for project an4449_autopid ****
Info: Internal Builder is used for build
arm-atollic-eabi-gcc -c ..\SRC\main.c -mthumb -mcpu=cortex-m4 -mfloat-abi=hard -mfpu=fpv4-sp-d16 -std=gnu11 -DSTM32F334x8 -DUSE_HAL_DRIVER -DUSE_STM32F3348_DISCO -ID:\LIRMM\SOFT\AN4449_autopid\an4449_autopid\cmsis\inc -ID:\LIRMM\SOFT\AN4449_autopid\an4449_autopid\hal\inc -ID:\LIRMM\SOFT\AN4449_autopid\an4449_autopid\INC -O0 -ffunction-sections -fdata-sections -g -fstack-usage -Wall -o SRC\main.o 
..\SRC\main.c: In function 'HRTIM_Config':
..\SRC\main.c:247:26: warning: unused variable 'output_config' [-Wunused-variable]
   HRTIM_OutputCfgTypeDef output_config;
                          ^~~~~~~~~~~~~
..\SRC\main.c: In function 'PI_Buck':
..\SRC\main.c:827:23: warning: implicit declaration of function 'fabsf' [-Wimplicit-function-declaration]
   Kpmk=Kp_auto*(1+k1*(fabsf(betak)));
                       ^~~~~
..\SRC\main.c:827:23: warning: incompatible implicit declaration of built-in function 'fabsf'
..\SRC\main.c:827:23: note: include '<math.h>' or provide a declaration of 'fabsf'
..\SRC\main.c:763:11: warning: unused variable 'error' [-Wunused-variable]
   int32_t error;
           ^~~~~
..\SRC\main.c:762:11: warning: unused variable 'seterr' [-Wunused-variable]
   int32_t seterr, pid_out;
           ^~~~~~
..\SRC\main.c:758:12: warning: unused variable 'lVoutT' [-Wunused-variable]
   uint32_t lVoutT = VoutT;
            ^~~~~~
arm-atollic-eabi-gcc -o an4449_autopid.elf SRC\main.o SRC\startup_stm32f334x8.o SRC\stm32f3xx_hal_msp.o SRC\stm32f3xx_it.o cmsis\src\system_stm32f3xx.o hal\src\stm32f3348_discovery.o hal\src\stm32f3xx_hal.o hal\src\stm32f3xx_hal_adc.o hal\src\stm32f3xx_hal_adc_ex.o hal\src\stm32f3xx_hal_cortex.o hal\src\stm32f3xx_hal_dma.o hal\src\stm32f3xx_hal_flash.o hal\src\stm32f3xx_hal_gpio.o hal\src\stm32f3xx_hal_hrtim.o hal\src\stm32f3xx_hal_pwr.o hal\src\stm32f3xx_hal_pwr_ex.o hal\src\stm32f3xx_hal_rcc.o hal\src\stm32f3xx_hal_rcc_ex.o hal\src\stm32f3xx_hal_spi.o -mthumb -mcpu=cortex-m4 -mfloat-abi=hard -mfpu=fpv4-sp-d16 -T../stm32f30_flash.ld -specs=nosys.specs -static -Wl,-cref,-u,Reset_Handler -Wl,-Map=an4449_autopid.map -Wl,--gc-sections -Wl,--defsym=malloc_getpagesize_P=0x80 -Wl,--start-group -lc -lm -Wl,--end-group 
C:\Program Files (x86)\Atollic\TrueSTUDIO for STM32 9.3.0\ide\jre\bin\java -jar C:\Program Files (x86)\Atollic\TrueSTUDIO for STM32 9.3.0\Tools\arm-atollic-reports.jar sizeinfo list an4449_autopid.elf 
Generate build reports...
Print size information
   text	   data	    bss	    dec	    hex	filename
  22276	     80	    620	  22976	   59c0	an4449_autopid.elf
Print size information done
Generate listing file
Output sent to: an4449_autopid.list
Generate listing file done
Generate build reports done
18:25:07 **** Incremental Build of configuration Debug for project an4449_autopid ****
Info: Internal Builder is used for build
arm-atollic-eabi-gcc -c ..\SRC\main.c -mthumb -mcpu=cortex-m4 -mfloat-abi=hard -mfpu=fpv4-sp-d16 -std=gnu11 -DSTM32F334x8 -DUSE_HAL_DRIVER -DUSE_STM32F3348_DISCO -ID:\LIRMM\SOFT\AN4449_autopid\an4449_autopid\cmsis\inc -ID:\LIRMM\SOFT\AN4449_autopid\an4449_autopid\hal\inc -ID:\LIRMM\SOFT\AN4449_autopid\an4449_autopid\INC -O0 -ffunction-sections -fdata-sections -g -fstack-usage -Wall -o SRC\main.o 
..\SRC\main.c: In function 'HRTIM_Config':
..\SRC\main.c:248:26: warning: unused variable 'output_config' [-Wunused-variable]
   HRTIM_OutputCfgTypeDef output_config;
                          ^~~~~~~~~~~~~
..\SRC\main.c: In function 'PI_Buck':
..\SRC\main.c:764:11: warning: unused variable 'error' [-Wunused-variable]
   int32_t error;
           ^~~~~
..\SRC\main.c:763:11: warning: unused variable 'seterr' [-Wunused-variable]
   int32_t seterr, pid_out;
           ^~~~~~
..\SRC\main.c:759:12: warning: unused variable 'lVoutT' [-Wunused-variable]
   uint32_t lVoutT = VoutT;
            ^~~~~~
arm-atollic-eabi-gcc -o an4449_autopid.elf SRC\main.o SRC\startup_stm32f334x8.o SRC\stm32f3xx_hal_msp.o SRC\stm32f3xx_it.o cmsis\src\system_stm32f3xx.o hal\src\stm32f3348_discovery.o hal\src\stm32f3xx_hal.o hal\src\stm32f3xx_hal_adc.o hal\src\stm32f3xx_hal_adc_ex.o hal\src\stm32f3xx_hal_cortex.o hal\src\stm32f3xx_hal_dma.o hal\src\stm32f3xx_hal_flash.o hal\src\stm32f3xx_hal_gpio.o hal\src\stm32f3xx_hal_hrtim.o hal\src\stm32f3xx_hal_pwr.o hal\src\stm32f3xx_hal_pwr_ex.o hal\src\stm32f3xx_hal_rcc.o hal\src\stm32f3xx_hal_rcc_ex.o hal\src\stm32f3xx_hal_spi.o -mthumb -mcpu=cortex-m4 -mfloat-abi=hard -mfpu=fpv4-sp-d16 -T../stm32f30_flash.ld -specs=nosys.specs -static -Wl,-cref,-u,Reset_Handler -Wl,-Map=an4449_autopid.map -Wl,--gc-sections -Wl,--defsym=malloc_getpagesize_P=0x80 -Wl,--start-group -lc -lm -Wl,--end-group 
C:\Program Files (x86)\Atollic\TrueSTUDIO for STM32 9.3.0\ide\jre\bin\java -jar C:\Program Files (x86)\Atollic\TrueSTUDIO for STM32 9.3.0\Tools\arm-atollic-reports.jar sizeinfo list an4449_autopid.elf 
Generate build reports...
Print size information
   text	   data	    bss	    dec	    hex	filename
  22276	     80	    620	  22976	   59c0	an4449_autopid.elf
Print size information done
Generate listing file
Output sent to: an4449_autopid.list
Generate listing file done
Generate build reports done
18:25:55 **** Incremental Build of configuration Debug for project an4449_autopid ****
Info: Internal Builder is used for build
arm-atollic-eabi-gcc -c ..\SRC\main.c -mthumb -mcpu=cortex-m4 -mfloat-abi=hard -mfpu=fpv4-sp-d16 -std=gnu11 -DSTM32F334x8 -DUSE_HAL_DRIVER -DUSE_STM32F3348_DISCO -ID:\LIRMM\SOFT\AN4449_autopid\an4449_autopid\cmsis\inc -ID:\LIRMM\SOFT\AN4449_autopid\an4449_autopid\hal\inc -ID:\LIRMM\SOFT\AN4449_autopid\an4449_autopid\INC -O0 -ffunction-sections -fdata-sections -g -fstack-usage -Wall -o SRC\main.o 
..\SRC\main.c: In function 'HRTIM_Config':
..\SRC\main.c:248:26: warning: unused variable 'output_config' [-Wunused-variable]
   HRTIM_OutputCfgTypeDef output_config;
                          ^~~~~~~~~~~~~
..\SRC\main.c: In function 'PI_Buck':
..\SRC\main.c:764:11: warning: unused variable 'error' [-Wunused-variable]
   int32_t error;
           ^~~~~
..\SRC\main.c:763:11: warning: unused variable 'seterr' [-Wunused-variable]
   int32_t seterr, pid_out;
           ^~~~~~
..\SRC\main.c:759:12: warning: unused variable 'lVoutT' [-Wunused-variable]
   uint32_t lVoutT = VoutT;
            ^~~~~~
arm-atollic-eabi-gcc -o an4449_autopid.elf SRC\main.o SRC\startup_stm32f334x8.o SRC\stm32f3xx_hal_msp.o SRC\stm32f3xx_it.o cmsis\src\system_stm32f3xx.o hal\src\stm32f3348_discovery.o hal\src\stm32f3xx_hal.o hal\src\stm32f3xx_hal_adc.o hal\src\stm32f3xx_hal_adc_ex.o hal\src\stm32f3xx_hal_cortex.o hal\src\stm32f3xx_hal_dma.o hal\src\stm32f3xx_hal_flash.o hal\src\stm32f3xx_hal_gpio.o hal\src\stm32f3xx_hal_hrtim.o hal\src\stm32f3xx_hal_pwr.o hal\src\stm32f3xx_hal_pwr_ex.o hal\src\stm32f3xx_hal_rcc.o hal\src\stm32f3xx_hal_rcc_ex.o hal\src\stm32f3xx_hal_spi.o -mthumb -mcpu=cortex-m4 -mfloat-abi=hard -mfpu=fpv4-sp-d16 -T../stm32f30_flash.ld -specs=nosys.specs -static -Wl,-cref,-u,Reset_Handler -Wl,-Map=an4449_autopid.map -Wl,--gc-sections -Wl,--defsym=malloc_getpagesize_P=0x80 -Wl,--start-group -lc -lm -Wl,--end-group 
C:\Program Files (x86)\Atollic\TrueSTUDIO for STM32 9.3.0\ide\jre\bin\java -jar C:\Program Files (x86)\Atollic\TrueSTUDIO for STM32 9.3.0\Tools\arm-atollic-reports.jar sizeinfo list an4449_autopid.elf 
Generate build reports...
Print size information
   text	   data	    bss	    dec	    hex	filename
  22276	     80	    620	  22976	   59c0	an4449_autopid.elf
Print size information done
Generate listing file
Output sent to: an4449_autopid.list
Generate listing file done
Generate build reports done
18:26:21 **** Incremental Build of configuration Debug for project an4449_autopid ****
Info: Internal Builder is used for build
arm-atollic-eabi-gcc -c ..\SRC\main.c -mthumb -mcpu=cortex-m4 -mfloat-abi=hard -mfpu=fpv4-sp-d16 -std=gnu11 -DSTM32F334x8 -DUSE_HAL_DRIVER -DUSE_STM32F3348_DISCO -ID:\LIRMM\SOFT\AN4449_autopid\an4449_autopid\cmsis\inc -ID:\LIRMM\SOFT\AN4449_autopid\an4449_autopid\hal\inc -ID:\LIRMM\SOFT\AN4449_autopid\an4449_autopid\INC -O0 -ffunction-sections -fdata-sections -g -fstack-usage -Wall -o SRC\main.o 
..\SRC\main.c: In function 'HRTIM_Config':
..\SRC\main.c:248:26: warning: unused variable 'output_config' [-Wunused-variable]
   HRTIM_OutputCfgTypeDef output_config;
                          ^~~~~~~~~~~~~
..\SRC\main.c: In function 'PI_Buck':
..\SRC\main.c:764:11: warning: unused variable 'error' [-Wunused-variable]
   int32_t error;
           ^~~~~
..\SRC\main.c:763:11: warning: unused variable 'seterr' [-Wunused-variable]
   int32_t seterr, pid_out;
           ^~~~~~
..\SRC\main.c:759:12: warning: unused variable 'lVoutT' [-Wunused-variable]
   uint32_t lVoutT = VoutT;
            ^~~~~~
arm-atollic-eabi-gcc -o an4449_autopid.elf SRC\main.o SRC\startup_stm32f334x8.o SRC\stm32f3xx_hal_msp.o SRC\stm32f3xx_it.o cmsis\src\system_stm32f3xx.o hal\src\stm32f3348_discovery.o hal\src\stm32f3xx_hal.o hal\src\stm32f3xx_hal_adc.o hal\src\stm32f3xx_hal_adc_ex.o hal\src\stm32f3xx_hal_cortex.o hal\src\stm32f3xx_hal_dma.o hal\src\stm32f3xx_hal_flash.o hal\src\stm32f3xx_hal_gpio.o hal\src\stm32f3xx_hal_hrtim.o hal\src\stm32f3xx_hal_pwr.o hal\src\stm32f3xx_hal_pwr_ex.o hal\src\stm32f3xx_hal_rcc.o hal\src\stm32f3xx_hal_rcc_ex.o hal\src\stm32f3xx_hal_spi.o -mthumb -mcpu=cortex-m4 -mfloat-abi=hard -mfpu=fpv4-sp-d16 -T../stm32f30_flash.ld -specs=nosys.specs -static -Wl,-cref,-u,Reset_Handler -Wl,-Map=an4449_autopid.map -Wl,--gc-sections -Wl,--defsym=malloc_getpagesize_P=0x80 -Wl,--start-group -lc -lm -Wl,--end-group 
C:\Program Files (x86)\Atollic\TrueSTUDIO for STM32 9.3.0\ide\jre\bin\java -jar C:\Program Files (x86)\Atollic\TrueSTUDIO for STM32 9.3.0\Tools\arm-atollic-reports.jar sizeinfo list an4449_autopid.elf 
Generate build reports...
Print size information
   text	   data	    bss	    dec	    hex	filename
  22276	     80	    620	  22976	   59c0	an4449_autopid.elf
Print size information done
Generate listing file
Output sent to: an4449_autopid.list
Generate listing file done
Generate build reports done
[...]
arm-atollic-eabi-gcc -o an4449_autopid.elf SRC\main.o SRC\startup_stm32f334x8.o SRC\stm32f3xx_hal_msp.o SRC\stm32f3xx_it.o cmsis\src\system_stm32f3xx.o hal\src\stm32f3348_discovery.o hal\src\stm32f3xx_hal.o hal\src\stm32f3xx_hal_adc.o hal\src\stm32f3xx_hal_adc_ex.o hal\src\stm32f3xx_hal_cortex.o hal\src\stm32f3xx_hal_dma.o hal\src\stm32f3xx_hal_flash.o hal\src\stm32f3xx_hal_gpio.o hal\src\stm32f3xx_hal_hrtim.o hal\src\stm32f3xx_hal_pwr.o hal\src\stm32f3xx_hal_pwr_ex.o hal\src\stm32f3xx_hal_rcc.o hal\src\stm32f3xx_hal_rcc_ex.o hal\src\stm32f3xx_hal_spi.o -mthumb -mcpu=cortex-m4 -mfloat-abi=hard -mfpu=fpv4-sp-d16 -T../stm32f30_flash.ld -specs=nosys.specs -static -Wl,-cref,-u,Reset_Handler -Wl,-Map=an4449_autopid.map -Wl,--gc-sections -Wl,--defsym=malloc_getpagesize_P=0x80 -Wl,--start-group -lc -lm -Wl,--end-group 
C:\Program Files (x86)\Atollic\TrueSTUDIO for STM32 9.3.0\ide\jre\bin\java -jar C:\Program Files (x86)\Atollic\TrueSTUDIO for STM32 9.3.0\Tools\arm-atollic-reports.jar sizeinfo list an4449_autopid.elf 
Generate build reports...
Print size information
   text	   data	    bss	    dec	    hex	filename
  22292	     72	    628	  22992	   59d0	an4449_autopid.elf
Print size information done
Generate listing file
Output sent to: an4449_autopid.list
Generate listing file done
Generate build reports done
19:20:41 **** Incremental Build of configuration Debug for project an4449_autopid ****
Info: Internal Builder is used for build
arm-atollic-eabi-gcc -c ..\SRC\main.c -mthumb -mcpu=cortex-m4 -mfloat-abi=hard -mfpu=fpv4-sp-d16 -std=gnu11 -DSTM32F334x8 -DUSE_HAL_DRIVER -DUSE_STM32F3348_DISCO -ID:\LIRMM\SOFT\AN4449_autopid\an4449_autopid\cmsis\inc -ID:\LIRMM\SOFT\AN4449_autopid\an4449_autopid\hal\inc -ID:\LIRMM\SOFT\AN4449_autopid\an4449_autopid\INC -O0 -ffunction-sections -fdata-sections -g -fstack-usage -Wall -o SRC\main.o 
..\SRC\main.c: In function 'HRTIM_Config':
..\SRC\main.c:248:26: warning: unused variable 'output_config' [-Wunused-variable]
   HRTIM_OutputCfgTypeDef output_config;
                          ^~~~~~~~~~~~~
..\SRC\main.c: In function 'PI_Buck':
..\SRC\main.c:764:11: warning: unused variable 'error' [-Wunused-variable]
   int32_t error;
           ^~~~~
..\SRC\main.c:763:11: warning: unused variable 'seterr' [-Wunused-variable]
   int32_t seterr, pid_out;
           ^~~~~~
..\SRC\main.c:759:12: warning: unused variable 'lVoutT' [-Wunused-variable]
   uint32_t lVoutT = VoutT;
            ^~~~~~
arm-atollic-eabi-gcc -o an4449_autopid.elf SRC\main.o SRC\startup_stm32f334x8.o SRC\stm32f3xx_hal_msp.o SRC\stm32f3xx_it.o cmsis\src\system_stm32f3xx.o hal\src\stm32f3348_discovery.o hal\src\stm32f3xx_hal.o hal\src\stm32f3xx_hal_adc.o hal\src\stm32f3xx_hal_adc_ex.o hal\src\stm32f3xx_hal_cortex.o hal\src\stm32f3xx_hal_dma.o hal\src\stm32f3xx_hal_flash.o hal\src\stm32f3xx_hal_gpio.o hal\src\stm32f3xx_hal_hrtim.o hal\src\stm32f3xx_hal_pwr.o hal\src\stm32f3xx_hal_pwr_ex.o hal\src\stm32f3xx_hal_rcc.o hal\src\stm32f3xx_hal_rcc_ex.o hal\src\stm32f3xx_hal_spi.o -mthumb -mcpu=cortex-m4 -mfloat-abi=hard -mfpu=fpv4-sp-d16 -T../stm32f30_flash.ld -specs=nosys.specs -static -Wl,-cref,-u,Reset_Handler -Wl,-Map=an4449_autopid.map -Wl,--gc-sections -Wl,--defsym=malloc_getpagesize_P=0x80 -Wl,--start-group -lc -lm -Wl,--end-group 
C:\Program Files (x86)\Atollic\TrueSTUDIO for STM32 9.3.0\ide\jre\bin\java -jar C:\Program Files (x86)\Atollic\TrueSTUDIO for STM32 9.3.0\Tools\arm-atollic-reports.jar sizeinfo list an4449_autopid.elf 
Generate build reports...
Print size information
   text	   data	    bss	    dec	    hex	filename
  22292	     72	    628	  22992	   59d0	an4449_autopid.elf
Print size information done
Generate listing file
Output sent to: an4449_autopid.list
Generate listing file done
Generate build reports done
19:21:09 **** Incremental Build of configuration Debug for project an4449_autopid ****
Info: Internal Builder is used for build
arm-atollic-eabi-gcc -c ..\SRC\main.c -mthumb -mcpu=cortex-m4 -mfloat-abi=hard -mfpu=fpv4-sp-d16 -std=gnu11 -DSTM32F334x8 -DUSE_HAL_DRIVER -DUSE_STM32F3348_DISCO -ID:\LIRMM\SOFT\AN4449_autopid\an4449_autopid\cmsis\inc -ID:\LIRMM\SOFT\AN4449_autopid\an4449_autopid\hal\inc -ID:\LIRMM\SOFT\AN4449_autopid\an4449_autopid\INC -O0 -ffunction-sections -fdata-sections -g -fstack-usage -Wall -o SRC\main.o 
..\SRC\main.c: In function 'HRTIM_Config':
..\SRC\main.c:248:26: warning: unused variable 'output_config' [-Wunused-variable]
   HRTIM_OutputCfgTypeDef output_config;
                          ^~~~~~~~~~~~~
..\SRC\main.c: In function 'PI_Buck':
..\SRC\main.c:764:11: warning: unused variable 'error' [-Wunused-variable]
   int32_t error;
           ^~~~~
..\SRC\main.c:763:11: warning: unused variable 'seterr' [-Wunused-variable]
   int32_t seterr, pid_out;
           ^~~~~~
..\SRC\main.c:759:12: warning: unused variable 'lVoutT' [-Wunused-variable]
   uint32_t lVoutT = VoutT;
            ^~~~~~
arm-atollic-eabi-gcc -o an4449_autopid.elf SRC\main.o SRC\startup_stm32f334x8.o SRC\stm32f3xx_hal_msp.o SRC\stm32f3xx_it.o cmsis\src\system_stm32f3xx.o hal\src\stm32f3348_discovery.o hal\src\stm32f3xx_hal.o hal\src\stm32f3xx_hal_adc.o hal\src\stm32f3xx_hal_adc_ex.o hal\src\stm32f3xx_hal_cortex.o hal\src\stm32f3xx_hal_dma.o hal\src\stm32f3xx_hal_flash.o hal\src\stm32f3xx_hal_gpio.o hal\src\stm32f3xx_hal_hrtim.o hal\src\stm32f3xx_hal_pwr.o hal\src\stm32f3xx_hal_pwr_ex.o hal\src\stm32f3xx_hal_rcc.o hal\src\stm32f3xx_hal_rcc_ex.o hal\src\stm32f3xx_hal_spi.o -mthumb -mcpu=cortex-m4 -mfloat-abi=hard -mfpu=fpv4-sp-d16 -T../stm32f30_flash.ld -specs=nosys.specs -static -Wl,-cref,-u,Reset_Handler -Wl,-Map=an4449_autopid.map -Wl,--gc-sections -Wl,--defsym=malloc_getpagesize_P=0x80 -Wl,--start-group -lc -lm -Wl,--end-group 
C:\Program Files (x86)\Atollic\TrueSTUDIO for STM32 9.3.0\ide\jre\bin\java -jar C:\Program Files (x86)\Atollic\TrueSTUDIO for STM32 9.3.0\Tools\arm-atollic-reports.jar sizeinfo list an4449_autopid.elf 
Generate build reports...
Print size information
   text	   data	    bss	    dec	    hex	filename
  22292	     76	    624	  22992	   59d0	an4449_autopid.elf
Print size information done
Generate listing file
Output sent to: an4449_autopid.list
Generate listing file done
Generate build reports done
19:22:00 **** Incremental Build of configuration Debug for project an4449_autopid ****
Info: Internal Builder is used for build
arm-atollic-eabi-gcc -c ..\SRC\main.c -mthumb -mcpu=cortex-m4 -mfloat-abi=hard -mfpu=fpv4-sp-d16 -std=gnu11 -DSTM32F334x8 -DUSE_HAL_DRIVER -DUSE_STM32F3348_DISCO -ID:\LIRMM\SOFT\AN4449_autopid\an4449_autopid\cmsis\inc -ID:\LIRMM\SOFT\AN4449_autopid\an4449_autopid\hal\inc -ID:\LIRMM\SOFT\AN4449_autopid\an4449_autopid\INC -O0 -ffunction-sections -fdata-sections -g -fstack-usage -Wall -o SRC\main.o 
..\SRC\main.c: In function 'HRTIM_Config':
..\SRC\main.c:248:26: warning: unused variable 'output_config' [-Wunused-variable]
   HRTIM_OutputCfgTypeDef output_config;
                          ^~~~~~~~~~~~~
..\SRC\main.c: In function 'PI_Buck':
..\SRC\main.c:764:11: warning: unused variable 'error' [-Wunused-variable]
   int32_t error;
           ^~~~~
..\SRC\main.c:763:11: warning: unused variable 'seterr' [-Wunused-variable]
   int32_t seterr, pid_out;
           ^~~~~~
..\SRC\main.c:759:12: warning: unused variable 'lVoutT' [-Wunused-variable]
   uint32_t lVoutT = VoutT;
            ^~~~~~
arm-atollic-eabi-gcc -o an4449_autopid.elf SRC\main.o SRC\startup_stm32f334x8.o SRC\stm32f3xx_hal_msp.o SRC\stm32f3xx_it.o cmsis\src\system_stm32f3xx.o hal\src\stm32f3348_discovery.o hal\src\stm32f3xx_hal.o hal\src\stm32f3xx_hal_adc.o hal\src\stm32f3xx_hal_adc_ex.o hal\src\stm32f3xx_hal_cortex.o hal\src\stm32f3xx_hal_dma.o hal\src\stm32f3xx_hal_flash.o hal\src\stm32f3xx_hal_gpio.o hal\src\stm32f3xx_hal_hrtim.o hal\src\stm32f3xx_hal_pwr.o hal\src\stm32f3xx_hal_pwr_ex.o hal\src\stm32f3xx_hal_rcc.o hal\src\stm32f3xx_hal_rcc_ex.o hal\src\stm32f3xx_hal_spi.o -mthumb -mcpu=cortex-m4 -mfloat-abi=hard -mfpu=fpv4-sp-d16 -T../stm32f30_flash.ld -specs=nosys.specs -static -Wl,-cref,-u,Reset_Handler -Wl,-Map=an4449_autopid.map -Wl,--gc-sections -Wl,--defsym=malloc_getpagesize_P=0x80 -Wl,--start-group -lc -lm -Wl,--end-group 
C:\Program Files (x86)\Atollic\TrueSTUDIO for STM32 9.3.0\ide\jre\bin\java -jar C:\Program Files (x86)\Atollic\TrueSTUDIO for STM32 9.3.0\Tools\arm-atollic-reports.jar sizeinfo list an4449_autopid.elf 
Generate build reports...
Print size information
   text	   data	    bss	    dec	    hex	filename
  22292	     76	    624	  22992	   59d0	an4449_autopid.elf
Print size information done
Generate listing file
Output sent to: an4449_autopid.list
Generate listing file done
Generate build reports done
19:22:33 **** Incremental Build of configuration Debug for project an4449_autopid ****
Info: Internal Builder is used for build
arm-atollic-eabi-gcc -c ..\SRC\main.c -mthumb -mcpu=cortex-m4 -mfloat-abi=hard -mfpu=fpv4-sp-d16 -std=gnu11 -DSTM32F334x8 -DUSE_HAL_DRIVER -DUSE_STM32F3348_DISCO -ID:\LIRMM\SOFT\AN4449_autopid\an4449_autopid\cmsis\inc -ID:\LIRMM\SOFT\AN4449_autopid\an4449_autopid\hal\inc -ID:\LIRMM\SOFT\AN4449_autopid\an4449_autopid\INC -O0 -ffunction-sections -fdata-sections -g -fstack-usage -Wall -o SRC\main.o 
..\SRC\main.c: In function 'HRTIM_Config':
..\SRC\main.c:248:26: warning: unused variable 'output_config' [-Wunused-variable]
   HRTIM_OutputCfgTypeDef output_config;
                          ^~~~~~~~~~~~~
..\SRC\main.c: In function 'PI_Buck':
..\SRC\main.c:764:11: warning: unused variable 'error' [-Wunused-variable]
   int32_t error;
           ^~~~~
..\SRC\main.c:763:11: warning: unused variable 'seterr' [-Wunused-variable]
   int32_t seterr, pid_out;
           ^~~~~~
..\SRC\main.c:759:12: warning: unused variable 'lVoutT' [-Wunused-variable]
   uint32_t lVoutT = VoutT;
            ^~~~~~
arm-atollic-eabi-gcc -o an4449_autopid.elf SRC\main.o SRC\startup_stm32f334x8.o SRC\stm32f3xx_hal_msp.o SRC\stm32f3xx_it.o cmsis\src\system_stm32f3xx.o hal\src\stm32f3348_discovery.o hal\src\stm32f3xx_hal.o hal\src\stm32f3xx_hal_adc.o hal\src\stm32f3xx_hal_adc_ex.o hal\src\stm32f3xx_hal_cortex.o hal\src\stm32f3xx_hal_dma.o hal\src\stm32f3xx_hal_flash.o hal\src\stm32f3xx_hal_gpio.o hal\src\stm32f3xx_hal_hrtim.o hal\src\stm32f3xx_hal_pwr.o hal\src\stm32f3xx_hal_pwr_ex.o hal\src\stm32f3xx_hal_rcc.o hal\src\stm32f3xx_hal_rcc_ex.o hal\src\stm32f3xx_hal_spi.o -mthumb -mcpu=cortex-m4 -mfloat-abi=hard -mfpu=fpv4-sp-d16 -T../stm32f30_flash.ld -specs=nosys.specs -static -Wl,-cref,-u,Reset_Handler -Wl,-Map=an4449_autopid.map -Wl,--gc-sections -Wl,--defsym=malloc_getpagesize_P=0x80 -Wl,--start-group -lc -lm -Wl,--end-group 
C:\Program Files (x86)\Atollic\TrueSTUDIO for STM32 9.3.0\ide\jre\bin\java -jar C:\Program Files (x86)\Atollic\TrueSTUDIO for STM32 9.3.0\Tools\arm-atollic-reports.jar sizeinfo list an4449_autopid.elf 
Generate build reports...
Print size information
   text	   data	    bss	    dec	    hex	filename
  22292	     80	    620	  22992	   59d0	an4449_autopid.elf
Print size information done
Generate listing file
Output sent to: an4449_autopid.list
Generate listing file done
Generate build reports done
19:22:49 **** Incremental Build of configuration Debug for project an4449_autopid ****
Info: Internal Builder is used for build
arm-atollic-eabi-gcc -c ..\SRC\main.c -mthumb -mcpu=cortex-m4 -mfloat-abi=hard -mfpu=fpv4-sp-d16 -std=gnu11 -DSTM32F334x8 -DUSE_HAL_DRIVER -DUSE_STM32F3348_DISCO -ID:\LIRMM\SOFT\AN4449_autopid\an4449_autopid\cmsis\inc -ID:\LIRMM\SOFT\AN4449_autopid\an4449_autopid\hal\inc -ID:\LIRMM\SOFT\AN4449_autopid\an4449_autopid\INC -O0 -ffunction-sections -fdata-sections -g -fstack-usage -Wall -o SRC\main.o 
..\SRC\main.c: In function 'HRTIM_Config':
..\SRC\main.c:248:26: warning: unused variable 'output_config' [-Wunused-variable]
   HRTIM_OutputCfgTypeDef output_config;
                          ^~~~~~~~~~~~~
..\SRC\main.c: At top level:
..\SRC\main.c:738:15: error: expected expression before ';' token
 float Kd_auto=;
               ^
..\SRC\main.c: In function 'PI_Buck':
..\SRC\main.c:828:19: error: 'k1' undeclared (first use in this function)
   Kpmk=Kp_auto*(1+k1*(fabsf(betak)));
                   ^~
..\SRC\main.c:828:19: note: each undeclared identifier is reported only once for each function it appears in
..\SRC\main.c:764:11: warning: unused variable 'error' [-Wunused-variable]
   int32_t error;
           ^~~~~
..\SRC\main.c:763:11: warning: unused variable 'seterr' [-Wunused-variable]
   int32_t seterr, pid_out;
           ^~~~~~
..\SRC\main.c:759:12: warning: unused variable 'lVoutT' [-Wunused-variable]
   uint32_t lVoutT = VoutT;
            ^~~~~~
19:22:57 **** Incremental Build of configuration Debug for project an4449_autopid ****
Info: Internal Builder is used for build
arm-atollic-eabi-gcc -c ..\SRC\main.c -mthumb -mcpu=cortex-m4 -mfloat-abi=hard -mfpu=fpv4-sp-d16 -std=gnu11 -DSTM32F334x8 -DUSE_HAL_DRIVER -DUSE_STM32F3348_DISCO -ID:\LIRMM\SOFT\AN4449_autopid\an4449_autopid\cmsis\inc -ID:\LIRMM\SOFT\AN4449_autopid\an4449_autopid\hal\inc -ID:\LIRMM\SOFT\AN4449_autopid\an4449_autopid\INC -O0 -ffunction-sections -fdata-sections -g -fstack-usage -Wall -o SRC\main.o 
..\SRC\main.c: In function 'HRTIM_Config':
..\SRC\main.c:248:26: warning: unused variable 'output_config' [-Wunused-variable]
   HRTIM_OutputCfgTypeDef output_config;
                          ^~~~~~~~~~~~~
..\SRC\main.c: In function 'PI_Buck':
..\SRC\main.c:764:11: warning: unused variable 'error' [-Wunused-variable]
   int32_t error;
           ^~~~~
..\SRC\main.c:763:11: warning: unused variable 'seterr' [-Wunused-variable]
   int32_t seterr, pid_out;
           ^~~~~~
..\SRC\main.c:759:12: warning: unused variable 'lVoutT' [-Wunused-variable]
   uint32_t lVoutT = VoutT;
            ^~~~~~
arm-atollic-eabi-gcc -o an4449_autopid.elf SRC\main.o SRC\startup_stm32f334x8.o SRC\stm32f3xx_hal_msp.o SRC\stm32f3xx_it.o cmsis\src\system_stm32f3xx.o hal\src\stm32f3348_discovery.o hal\src\stm32f3xx_hal.o hal\src\stm32f3xx_hal_adc.o hal\src\stm32f3xx_hal_adc_ex.o hal\src\stm32f3xx_hal_cortex.o hal\src\stm32f3xx_hal_dma.o hal\src\stm32f3xx_hal_flash.o hal\src\stm32f3xx_hal_gpio.o hal\src\stm32f3xx_hal_hrtim.o hal\src\stm32f3xx_hal_pwr.o hal\src\stm32f3xx_hal_pwr_ex.o hal\src\stm32f3xx_hal_rcc.o hal\src\stm32f3xx_hal_rcc_ex.o hal\src\stm32f3xx_hal_spi.o -mthumb -mcpu=cortex-m4 -mfloat-abi=hard -mfpu=fpv4-sp-d16 -T../stm32f30_flash.ld -specs=nosys.specs -static -Wl,-cref,-u,Reset_Handler -Wl,-Map=an4449_autopid.map -Wl,--gc-sections -Wl,--defsym=malloc_getpagesize_P=0x80 -Wl,--start-group -lc -lm -Wl,--end-group 
C:\Program Files (x86)\Atollic\TrueSTUDIO for STM32 9.3.0\ide\jre\bin\java -jar C:\Program Files (x86)\Atollic\TrueSTUDIO for STM32 9.3.0\Tools\arm-atollic-reports.jar sizeinfo list an4449_autopid.elf 
Generate build reports...
Print size information
   text	   data	    bss	    dec	    hex	filename
  22292	     80	    620	  22992	   59d0	an4449_autopid.elf
Print size information done
Generate listing file
Output sent to: an4449_autopid.list
Generate listing file done
Generate build reports done
19:23:23 **** Incremental Build of configuration Debug for project an4449_autopid ****
Info: Internal Builder is used for build
arm-atollic-eabi-gcc -c ..\SRC\main.c -mthumb -mcpu=cortex-m4 -mfloat-abi=hard -mfpu=fpv4-sp-d16 -std=gnu11 -DSTM32F334x8 -DUSE_HAL_DRIVER -DUSE_STM32F3348_DISCO -ID:\LIRMM\SOFT\AN4449_autopid\an4449_autopid\cmsis\inc -ID:\LIRMM\SOFT\AN4449_autopid\an4449_autopid\hal\inc -ID:\LIRMM\SOFT\AN4449_autopid\an4449_autopid\INC -O0 -ffunction-sections -fdata-sections -g -fstack-usage -Wall -o SRC\main.o 
..\SRC\main.c: In function 'HRTIM_Config':
..\SRC\main.c:248:26: warning: unused variable 'output_config' [-Wunused-variable]
   HRTIM_OutputCfgTypeDef output_config;
                          ^~~~~~~~~~~~~
..\SRC\main.c: In function 'PI_Buck':
..\SRC\main.c:764:11: warning: unused variable 'error' [-Wunused-variable]
   int32_t error;
           ^~~~~
..\SRC\main.c:763:11: warning: unused variable 'seterr' [-Wunused-variable]
   int32_t seterr, pid_out;
           ^~~~~~
..\SRC\main.c:759:12: warning: unused variable 'lVoutT' [-Wunused-variable]
   uint32_t lVoutT = VoutT;
            ^~~~~~
arm-atollic-eabi-gcc -o an4449_autopid.elf SRC\main.o SRC\startup_stm32f334x8.o SRC\stm32f3xx_hal_msp.o SRC\stm32f3xx_it.o cmsis\src\system_stm32f3xx.o hal\src\stm32f3348_discovery.o hal\src\stm32f3xx_hal.o hal\src\stm32f3xx_hal_adc.o hal\src\stm32f3xx_hal_adc_ex.o hal\src\stm32f3xx_hal_cortex.o hal\src\stm32f3xx_hal_dma.o hal\src\stm32f3xx_hal_flash.o hal\src\stm32f3xx_hal_gpio.o hal\src\stm32f3xx_hal_hrtim.o hal\src\stm32f3xx_hal_pwr.o hal\src\stm32f3xx_hal_pwr_ex.o hal\src\stm32f3xx_hal_rcc.o hal\src\stm32f3xx_hal_rcc_ex.o hal\src\stm32f3xx_hal_spi.o -mthumb -mcpu=cortex-m4 -mfloat-abi=hard -mfpu=fpv4-sp-d16 -T../stm32f30_flash.ld -specs=nosys.specs -static -Wl,-cref,-u,Reset_Handler -Wl,-Map=an4449_autopid.map -Wl,--gc-sections -Wl,--defsym=malloc_getpagesize_P=0x80 -Wl,--start-group -lc -lm -Wl,--end-group 
C:\Program Files (x86)\Atollic\TrueSTUDIO for STM32 9.3.0\ide\jre\bin\java -jar C:\Program Files (x86)\Atollic\TrueSTUDIO for STM32 9.3.0\Tools\arm-atollic-reports.jar sizeinfo list an4449_autopid.elf 
Generate build reports...
Print size information
   text	   data	    bss	    dec	    hex	filename
  22292	     80	    620	  22992	   59d0	an4449_autopid.elf
Print size information done
Generate listing file
Output sent to: an4449_autopid.list
Generate listing file done
Generate build reports done
19:24:36 **** Incremental Build of configuration Debug for project an4449_autopid ****
Info: Internal Builder is used for build
arm-atollic-eabi-gcc -c ..\SRC\main.c -mthumb -mcpu=cortex-m4 -mfloat-abi=hard -mfpu=fpv4-sp-d16 -std=gnu11 -DSTM32F334x8 -DUSE_HAL_DRIVER -DUSE_STM32F3348_DISCO -ID:\LIRMM\SOFT\AN4449_autopid\an4449_autopid\cmsis\inc -ID:\LIRMM\SOFT\AN4449_autopid\an4449_autopid\hal\inc -ID:\LIRMM\SOFT\AN4449_autopid\an4449_autopid\INC -O0 -ffunction-sections -fdata-sections -g -fstack-usage -Wall -o SRC\main.o 
..\SRC\main.c: In function 'HRTIM_Config':
..\SRC\main.c:248:26: warning: unused variable 'output_config' [-Wunused-variable]
   HRTIM_OutputCfgTypeDef output_config;
                          ^~~~~~~~~~~~~
..\SRC\main.c: In function 'PI_Buck':
..\SRC\main.c:764:11: warning: unused variable 'error' [-Wunused-variable]
   int32_t error;
           ^~~~~
..\SRC\main.c:763:11: warning: unused variable 'seterr' [-Wunused-variable]
   int32_t seterr, pid_out;
           ^~~~~~
..\SRC\main.c:759:12: warning: unused variable 'lVoutT' [-Wunused-variable]
   uint32_t lVoutT = VoutT;
            ^~~~~~
arm-atollic-eabi-gcc -o an4449_autopid.elf SRC\main.o SRC\startup_stm32f334x8.o SRC\stm32f3xx_hal_msp.o SRC\stm32f3xx_it.o cmsis\src\system_stm32f3xx.o hal\src\stm32f3348_discovery.o hal\src\stm32f3xx_hal.o hal\src\stm32f3xx_hal_adc.o hal\src\stm32f3xx_hal_adc_ex.o hal\src\stm32f3xx_hal_cortex.o hal\src\stm32f3xx_hal_dma.o hal\src\stm32f3xx_hal_flash.o hal\src\stm32f3xx_hal_gpio.o hal\src\stm32f3xx_hal_hrtim.o hal\src\stm32f3xx_hal_pwr.o hal\src\stm32f3xx_hal_pwr_ex.o hal\src\stm32f3xx_hal_rcc.o hal\src\stm32f3xx_hal_rcc_ex.o hal\src\stm32f3xx_hal_spi.o -mthumb -mcpu=cortex-m4 -mfloat-abi=hard -mfpu=fpv4-sp-d16 -T../stm32f30_flash.ld -specs=nosys.specs -static -Wl,-cref,-u,Reset_Handler -Wl,-Map=an4449_autopid.map -Wl,--gc-sections -Wl,--defsym=malloc_getpagesize_P=0x80 -Wl,--start-group -lc -lm -Wl,--end-group 
C:\Program Files (x86)\Atollic\TrueSTUDIO for STM32 9.3.0\ide\jre\bin\java -jar C:\Program Files (x86)\Atollic\TrueSTUDIO for STM32 9.3.0\Tools\arm-atollic-reports.jar sizeinfo list an4449_autopid.elf 
Generate build reports...
Print size information
   text	   data	    bss	    dec	    hex	filename
  22292	     92	    608	  22992	   59d0	an4449_autopid.elf
Print size information done
Generate listing file
Output sent to: an4449_autopid.list
Generate listing file done
Generate build reports done
